Copyright 1986-2022 Xilinx, Inc. All Rights Reserved.
-----------------------------------------------------------------------------------------------------------------------------------------------------------------------------------------------------------------------------
| Tool Version      : Vivado v.2022.2 (win64) Build 3671981 Fri Oct 14 05:00:03 MDT 2022
| Date              : Wed Mar 11 16:01:59 2026
| Host              : ECIT01684 running 64-bit major release  (build 9200)
| Command           : report_timing_summary -max_paths 10 -report_unconstrained -file prog_uart_timing_summary_routed.rpt -pb prog_uart_timing_summary_routed.pb -rpx prog_uart_timing_summary_routed.rpx -warn_on_violation
| Design            : prog_uart
| Device            : xczu7ev-ffvc1156
| Speed File        : -2  PRODUCTION 1.30 05-15-2022
| Temperature Grade : E
-----------------------------------------------------------------------------------------------------------------------------------------------------------------------------------------------------------------------------

Timing Summary Report

------------------------------------------------------------------------------------------------
| Timer Settings
| --------------
------------------------------------------------------------------------------------------------

  Enable Multi Corner Analysis               :  Yes
  Enable Pessimism Removal                   :  Yes
  Pessimism Removal Resolution               :  Nearest Common Node
  Enable Input Delay Default Clock           :  No
  Enable Preset / Clear Arcs                 :  No
  Disable Flight Delays                      :  No
  Ignore I/O Paths                           :  No
  Timing Early Launch at Borrowing Latches   :  No
  Borrow Time for Max Delay Exceptions       :  Yes
  Merge Timing Exceptions                    :  Yes

  Corner  Analyze    Analyze    
  Name    Max Paths  Min Paths  
  ------  ---------  ---------  
  Slow    Yes        Yes        
  Fast    Yes        Yes        


------------------------------------------------------------------------------------------------
| Report Methodology
| ------------------
------------------------------------------------------------------------------------------------

No report available as report_methodology has not been run prior. Run report_methodology on the current design for the summary of methodology violations.



check_timing report

Table of Contents
-----------------
1. checking no_clock (0)
2. checking constant_clock (0)
3. checking pulse_width_clock (0)
4. checking unconstrained_internal_endpoints (0)
5. checking no_input_delay (0)
6. checking no_output_delay (0)
7. checking multiple_clock (0)
8. checking generated_clocks (0)
9. checking loops (0)
10. checking partial_input_delay (0)
11. checking partial_output_delay (0)
12. checking latch_loops (0)

1. checking no_clock (0)
------------------------
 There are 0 register/latch pins with no clock.


2. checking constant_clock (0)
------------------------------
 There are 0 register/latch pins with constant_clock.


3. checking pulse_width_clock (0)
---------------------------------
 There are 0 register/latch pins which need pulse_width check


4. checking unconstrained_internal_endpoints (0)
------------------------------------------------
 There are 0 pins that are not constrained for maximum delay.

 There are 0 pins that are not constrained for maximum delay due to constant clock.


5. checking no_input_delay (0)
------------------------------
 There are 0 input ports with no input delay specified.

 There are 0 input ports with no input delay but user has a false path constraint.


6. checking no_output_delay (0)
-------------------------------
 There are 0 ports with no output delay specified.

 There are 0 ports with no output delay but user has a false path constraint

 There are 0 ports with no output delay but with a timing clock defined on it or propagating through it


7. checking multiple_clock (0)
------------------------------
 There are 0 register/latch pins with multiple clocks.


8. checking generated_clocks (0)
--------------------------------
 There are 0 generated clocks that are not connected to a clock source.


9. checking loops (0)
---------------------
 There are 0 combinational loops in the design.


10. checking partial_input_delay (0)
------------------------------------
 There are 0 input ports with partial input delay specified.


11. checking partial_output_delay (0)
-------------------------------------
 There are 0 ports with partial output delay specified.


12. checking latch_loops (0)
----------------------------
 There are 0 combinational latch loops in the design through latch input



------------------------------------------------------------------------------------------------
| Design Timing Summary
| ---------------------
------------------------------------------------------------------------------------------------

    WNS(ns)      TNS(ns)  TNS Failing Endpoints  TNS Total Endpoints      WHS(ns)      THS(ns)  THS Failing Endpoints  THS Total Endpoints     WPWS(ns)     TPWS(ns)  TPWS Failing Endpoints  TPWS Total Endpoints  
    -------      -------  ---------------------  -------------------      -------      -------  ---------------------  -------------------     --------     --------  ----------------------  --------------------  
        inf        0.000                      0                    3          inf        0.000                      0                    3           NA           NA                      NA                    NA  


There are no user specified timing constraints.


------------------------------------------------------------------------------------------------
| Clock Summary
| -------------
------------------------------------------------------------------------------------------------


------------------------------------------------------------------------------------------------
| Intra Clock Table
| -----------------
------------------------------------------------------------------------------------------------

Clock             WNS(ns)      TNS(ns)  TNS Failing Endpoints  TNS Total Endpoints      WHS(ns)      THS(ns)  THS Failing Endpoints  THS Total Endpoints     WPWS(ns)     TPWS(ns)  TPWS Failing Endpoints  TPWS Total Endpoints  
-----             -------      -------  ---------------------  -------------------      -------      -------  ---------------------  -------------------     --------     --------  ----------------------  --------------------  


------------------------------------------------------------------------------------------------
| Inter Clock Table
| -----------------
------------------------------------------------------------------------------------------------

From Clock    To Clock          WNS(ns)      TNS(ns)  TNS Failing Endpoints  TNS Total Endpoints      WHS(ns)      THS(ns)  THS Failing Endpoints  THS Total Endpoints  
----------    --------          -------      -------  ---------------------  -------------------      -------      -------  ---------------------  -------------------  


------------------------------------------------------------------------------------------------
| Other Path Groups Table
| -----------------------
------------------------------------------------------------------------------------------------

Path Group    From Clock    To Clock          WNS(ns)      TNS(ns)  TNS Failing Endpoints  TNS Total Endpoints      WHS(ns)      THS(ns)  THS Failing Endpoints  THS Total Endpoints  
----------    ----------    --------          -------      -------  ---------------------  -------------------      -------      -------  ---------------------  -------------------  


------------------------------------------------------------------------------------------------
| User Ignored Path Table
| -----------------------
------------------------------------------------------------------------------------------------

Path Group    From Clock    To Clock    
----------    ----------    --------    


------------------------------------------------------------------------------------------------
| Unconstrained Path Table
| ------------------------
------------------------------------------------------------------------------------------------

Path Group    From Clock    To Clock    
----------    ----------    --------    
(none)                                    


------------------------------------------------------------------------------------------------
| Timing Details
| --------------
------------------------------------------------------------------------------------------------


--------------------------------------------------------------------------------------
Path Group:  (none)
From Clock:  
  To Clock:  

Max Delay             3 Endpoints
Min Delay             3 Endpoints
--------------------------------------------------------------------------------------


Max Delay Paths
--------------------------------------------------------------------------------------
Slack:                    inf
  Source:                 uart_rx_i
                            (input port)
  Destination:            program_tx1_o
                            (output port)
  Path Group:             (none)
  Path Type:              Max at Slow Process Corner
  Data Path Delay:        4.669ns  (logic 1.546ns (33.112%)  route 3.123ns (66.888%))
  Logic Levels:           3  (IBUFCTRL=1 INBUF=1 OBUF=1)

    Location             Delay type                Incr(ns)  Path(ns)    Netlist Resource(s)
  -------------------------------------------------------------------    -------------------
    AN8                                               0.000     0.000 r  uart_rx_i (IN)
                         net (fo=0)                   0.000     0.000    uart_rx_i_IBUF_inst/I
    AN8                  INBUF (Prop_INBUF_HPIOB_S_PAD_O)
                                                      0.707     0.707 r  uart_rx_i_IBUF_inst/INBUF_INST/O
                         net (fo=1, routed)           0.000     0.707    uart_rx_i_IBUF_inst/OUT
    AN8                  IBUFCTRL (Prop_IBUFCTRL_HPIOB_S_I_O)
                                                      0.000     0.707 r  uart_rx_i_IBUF_inst/IBUFCTRL_INST/O
                         net (fo=1, routed)           3.123     3.830    program_tx1_o_OBUF
    AH17                 OBUF (Prop_OUTBUF_HPIOB_S_I_O)
                                                      0.839     4.669 r  program_tx1_o_OBUF_inst/O
                         net (fo=0)                   0.000     4.669    program_tx1_o
    AH17                                                              r  program_tx1_o (OUT)
  -------------------------------------------------------------------    -------------------

Slack:                    inf
  Source:                 uart_coming
                            (input port)
  Destination:            led_tx_o
                            (output port)
  Path Group:             (none)
  Path Type:              Max at Slow Process Corner
  Data Path Delay:        4.120ns  (logic 1.511ns (36.674%)  route 2.609ns (63.326%))
  Logic Levels:           3  (IBUFCTRL=1 INBUF=1 OBUF=1)

    Location             Delay type                Incr(ns)  Path(ns)    Netlist Resource(s)
  -------------------------------------------------------------------    -------------------
    AL17                                              0.000     0.000 r  uart_coming (IN)
                         net (fo=0)                   0.000     0.000    uart_coming_IBUF_inst/I
    AL17                 INBUF (Prop_INBUF_HPIOB_SNGL_PAD_O)
                                                      0.627     0.627 r  uart_coming_IBUF_inst/INBUF_INST/O
                         net (fo=1, routed)           0.000     0.627    uart_coming_IBUF_inst/OUT
    AL17                 IBUFCTRL (Prop_IBUFCTRL_HPIOB_SNGL_I_O)
                                                      0.000     0.627 r  uart_coming_IBUF_inst/IBUFCTRL_INST/O
                         net (fo=2, routed)           2.609     3.236    led_tx_o_OBUF
    AL11                 OBUF (Prop_OUTBUF_HPIOB_M_I_O)
                                                      0.884     4.120 r  led_tx_o_OBUF_inst/O
                         net (fo=0)                   0.000     4.120    led_tx_o
    AL11                                                              r  led_tx_o (OUT)
  -------------------------------------------------------------------    -------------------

Slack:                    inf
  Source:                 uart_coming
                            (input port)
  Destination:            program_tx2_o
                            (output port)
  Path Group:             (none)
  Path Type:              Max at Slow Process Corner
  Data Path Delay:        3.941ns  (logic 1.527ns (38.745%)  route 2.414ns (61.255%))
  Logic Levels:           3  (IBUFCTRL=1 INBUF=1 OBUF=1)

    Location             Delay type                Incr(ns)  Path(ns)    Netlist Resource(s)
  -------------------------------------------------------------------    -------------------
    AL17                                              0.000     0.000 r  uart_coming (IN)
                         net (fo=0)                   0.000     0.000    uart_coming_IBUF_inst/I
    AL17                 INBUF (Prop_INBUF_HPIOB_SNGL_PAD_O)
                                                      0.627     0.627 r  uart_coming_IBUF_inst/INBUF_INST/O
                         net (fo=1, routed)           0.000     0.627    uart_coming_IBUF_inst/OUT
    AL17                 IBUFCTRL (Prop_IBUFCTRL_HPIOB_SNGL_I_O)
                                                      0.000     0.627 r  uart_coming_IBUF_inst/IBUFCTRL_INST/O
                         net (fo=2, routed)           2.414     3.041    led_tx_o_OBUF
    AP9                  OBUF (Prop_OUTBUF_HPIOB_S_I_O)
                                                      0.900     3.941 r  program_tx2_o_OBUF_inst/O
                         net (fo=0)                   0.000     3.941    program_tx2_o
    AP9                                                               r  program_tx2_o (OUT)
  -------------------------------------------------------------------    -------------------





Min Delay Paths
--------------------------------------------------------------------------------------
Slack:                    inf
  Source:                 uart_coming
                            (input port)
  Destination:            program_tx2_o
                            (output port)
  Path Group:             (none)
  Path Type:              Min at Fast Process Corner
  Data Path Delay:        1.709ns  (logic 0.652ns (38.134%)  route 1.057ns (61.866%))
  Logic Levels:           3  (IBUFCTRL=1 INBUF=1 OBUF=1)

    Location             Delay type                Incr(ns)  Path(ns)    Netlist Resource(s)
  -------------------------------------------------------------------    -------------------
    AL17                                              0.000     0.000 r  uart_coming (IN)
                         net (fo=0)                   0.000     0.000    uart_coming_IBUF_inst/I
    AL17                 INBUF (Prop_INBUF_HPIOB_SNGL_PAD_O)
                                                      0.179     0.179 r  uart_coming_IBUF_inst/INBUF_INST/O
                         net (fo=1, routed)           0.000     0.179    uart_coming_IBUF_inst/OUT
    AL17                 IBUFCTRL (Prop_IBUFCTRL_HPIOB_SNGL_I_O)
                                                      0.000     0.179 r  uart_coming_IBUF_inst/IBUFCTRL_INST/O
                         net (fo=2, routed)           1.057     1.236    led_tx_o_OBUF
    AP9                  OBUF (Prop_OUTBUF_HPIOB_S_I_O)
                                                      0.473     1.709 r  program_tx2_o_OBUF_inst/O
                         net (fo=0)                   0.000     1.709    program_tx2_o
    AP9                                                               r  program_tx2_o (OUT)
  -------------------------------------------------------------------    -------------------

Slack:                    inf
  Source:                 uart_coming
                            (input port)
  Destination:            led_tx_o
                            (output port)
  Path Group:             (none)
  Path Type:              Min at Fast Process Corner
  Data Path Delay:        1.775ns  (logic 0.636ns (35.835%)  route 1.139ns (64.165%))
  Logic Levels:           3  (IBUFCTRL=1 INBUF=1 OBUF=1)

    Location             Delay type                Incr(ns)  Path(ns)    Netlist Resource(s)
  -------------------------------------------------------------------    -------------------
    AL17                                              0.000     0.000 r  uart_coming (IN)
                         net (fo=0)                   0.000     0.000    uart_coming_IBUF_inst/I
    AL17                 INBUF (Prop_INBUF_HPIOB_SNGL_PAD_O)
                                                      0.179     0.179 r  uart_coming_IBUF_inst/INBUF_INST/O
                         net (fo=1, routed)           0.000     0.179    uart_coming_IBUF_inst/OUT
    AL17                 IBUFCTRL (Prop_IBUFCTRL_HPIOB_SNGL_I_O)
                                                      0.000     0.179 r  uart_coming_IBUF_inst/IBUFCTRL_INST/O
                         net (fo=2, routed)           1.139     1.318    led_tx_o_OBUF
    AL11                 OBUF (Prop_OUTBUF_HPIOB_M_I_O)
                                                      0.457     1.775 r  led_tx_o_OBUF_inst/O
                         net (fo=0)                   0.000     1.775    led_tx_o
    AL11                                                              r  led_tx_o (OUT)
  -------------------------------------------------------------------    -------------------

Slack:                    inf
  Source:                 uart_rx_i
                            (input port)
  Destination:            program_tx1_o
                            (output port)
  Path Group:             (none)
  Path Type:              Min at Fast Process Corner
  Data Path Delay:        2.089ns  (logic 0.671ns (32.114%)  route 1.418ns (67.886%))
  Logic Levels:           3  (IBUFCTRL=1 INBUF=1 OBUF=1)

    Location             Delay type                Incr(ns)  Path(ns)    Netlist Resource(s)
  -------------------------------------------------------------------    -------------------
    AN8                                               0.000     0.000 r  uart_rx_i (IN)
                         net (fo=0)                   0.000     0.000    uart_rx_i_IBUF_inst/I
    AN8                  INBUF (Prop_INBUF_HPIOB_S_PAD_O)
                                                      0.258     0.258 r  uart_rx_i_IBUF_inst/INBUF_INST/O
                         net (fo=1, routed)           0.000     0.258    uart_rx_i_IBUF_inst/OUT
    AN8                  IBUFCTRL (Prop_IBUFCTRL_HPIOB_S_I_O)
                                                      0.000     0.258 r  uart_rx_i_IBUF_inst/IBUFCTRL_INST/O
                         net (fo=1, routed)           1.418     1.676    program_tx1_o_OBUF
    AH17                 OBUF (Prop_OUTBUF_HPIOB_S_I_O)
                                                      0.412     2.089 r  program_tx1_o_OBUF_inst/O
                         net (fo=0)                   0.000     2.089    program_tx1_o
    AH17                                                              r  program_tx1_o (OUT)
  -------------------------------------------------------------------    -------------------





