#-----------------------------------------------------------
# Vivado v2022.2 (64-bit)
# SW Build 3671981 on Fri Oct 14 05:00:03 MDT 2022
# IP Build 3669848 on Fri Oct 14 08:30:02 MDT 2022
# Start of session at: Fri Feb 27 00:41:25 2026
# Process ID: 20440
# Current directory: C:/cheshire/target/xilinx/build/genesys2.clkwiz
# Command line: vivado.exe -mode batch -log ../genesys2.clkwiz.log -jou ../genesys2.clkwiz.jou -source C:/cheshire/target/xilinx/scripts/impl_ip.tcl -tclargs genesys2 clkwiz
# Log file: C:/cheshire/target/xilinx/build/genesys2.clkwiz/../genesys2.clkwiz.log
# Journal file: C:/cheshire/target/xilinx/build/genesys2.clkwiz\../genesys2.clkwiz.jou
# Running On: ECIT01684, OS: Windows, CPU Frequency: 2112 MHz, CPU Physical cores: 12, Host memory: 34033 MB
#-----------------------------------------------------------
source C:/cheshire/target/xilinx/scripts/impl_ip.tcl
# set xilinx_root [file dirname [file dirname [file normalize [info script]]]]
# source ${xilinx_root}/scripts/common.tcl
## set bpart(genesys2) "digilentinc.com:genesys2:part0:1.1"
## set fpart(genesys2) "xc7k325tffg900-2"
## set hwdev(genesys2) "xc7k325t_0"
## set cfgmp(genesys2) "s25fl256sxxxxxx0-spi-x1_x2_x4"
## set bpart(vcu128) "xilinx.com:vcu128:part0:1.0"
## set fpart(vcu128) "xcvu37p-fsvh2892-2L-e"
## set hwdev(vcu128) "xcvu37p_0"
## set cfgmp(vcu128) "mt25qu02g-spi-x1_x2_x4"
## set_param board.repoPaths [list C:/Users/2640084/Desktop/ubuntu/shared/projects/vivado-boards-master/new/board_files/genesys2/H]
## proc init_impl {xilinx_root argc argv} {
##     global fpart
##     global bpart
##     # We declare these variables into the global context
##     global num_threads
##     global num_jobs
##     global project_root
##     global board
##     global proj
##     # Check argument count
##     if { $argc < 2 } {
##         puts "Error: Insufficient implementation arguments (${argc}): ${argv}."
##         return -code error
##     }
##     # Configure parallelism
##     set num_threads 8
##     set num_jobs 8
##     # Get arguments
##     set board [lindex $argv 0]
##     set proj [lindex $argv 1]
##     # Set up multithreading
##     set_param general.maxThreads $num_threads
##     # Remove prior build
##     set project_root ${xilinx_root}/build/${board}.${proj}
##     file delete -force [glob -nocomplain ${project_root}/*]
##     # Create project
##     create_project $proj $project_root -force -part $fpart($board)
##     set_property board_part $bpart($board) [current_project]
## }
## proc open_target {xilinx_root argc argv suffix} {
##     global hwdev
##     # We declare these variables into the global context
##     global project_root
##     global board
##     global hw_tgt
##     global hw_device
##     # Check argument count
##     if { $argc < 3 } {
##         puts "Error: Insufficient target arguments (${argc}): ${argv}."
##         return -code error
##     }
##     # Get arguments
##     set url [lindex $argv 0]
##     set path [lindex $argv 1]
##     set board [lindex $argv 2]
##     # Remove prior build
##     set project_root ${xilinx_root}/build/${board}.${suffix}
##     file delete -force [glob -nocomplain ${project_root}/*]
##     # Connect to HW server
##     open_hw_manager
##     connect_hw_server -url $url
##     # Open HW target, set JTAG frequency
##     set hw_tgts [get_hw_targets ${url}/${path}]
##     # From all matching targets, choose last (most specific) one
##     set hw_tgt [lindex ${hw_tgts} [expr { [llength ${hw_tgts}] - 1 }]]
##     open_hw_target $hw_tgt
##     set_property PARAM.FREQUENCY 15000000 $hw_tgt
##     # Get hardware device
##     set hw_device [get_hw_devices $hwdev($board)]
## }
## proc no_cfg_exit {proj board} {
##     puts "Error: Unsupported board ${board} for ${proj}."
##     return -code error
## }
## proc gen_reports {rptdir} {
##     file delete -force $rptdir
##     file mkdir ${rptdir}
##     # tclint-disable spacing, line-length
##     check_timing             -file ${rptdir}/check_timing.rpt       -verbose
##     report_timing            -file ${rptdir}/timing_worst_100.rpt   -max_paths 100 -nworst 100 -delay_type max -sort_by slack
##     report_timing            -file ${rptdir}/timing_worst.rpt       -nworst 1 -delay_type max -sort_by group
##     report_utilization       -file ${rptdir}/utilization.rpt        -hierarchical
##     report_cdc               -file ${rptdir}/cdc.rpt
##     report_clock_interaction -file ${rptdir}/clock_interaction.rpt
##     report_timing_summary    -file ${rptdir}/timing_summary.rpt
##     # tclint-enable spacing, line-length
## }
## proc insert_ilas {clk_net_name} {
##     global project_root
##     # Get nets to debug
##     set debug_nets [lsort -dictionary [get_nets -hier -filter {MARK_DEBUG == 1}]]
##     # Create debug core only if there are probes
##     if { ![llength $debug_nets] } { return }
##     # Create and configure debug core
##     create_debug_core i_ila ila
##     set_property -dict [list \
##         ALL_PROBE_SAME_MU {true} ALL_PROBE_SAME_MU_CNT {4} C_ADV_TRIGGER {true} \
##         C_DATA_DEPTH {16384} C_EN_STRG_QUAL {true} C_INPUT_PIPE_STAGES {0} \
##         C_TRIGIN_EN {false} C_TRIGOUT_EN {false} \
##         ] [get_debug_cores i_ila]
##     # Connect SoC clock
##     set_property port_width 1 [get_debug_ports i_ila/clk]
##     connect_debug_port i_ila/clk [get_nets $clk_net_name]
##     # Loop through debug nets (add extra list element to ensure last net is processed)
##     set net_name_last ""
##     set i 0
##     foreach net [concat $debug_nets {""}] {
##         # Remove trailing array index
##         regsub {\[[0-9]*\]$} $net {} net_name
##         # Create probe after all signals with the same name have been collected
##         if { $net_name_last != $net_name } {
##             if { $net_name_last != "" } {
##                 puts "Creating probe $i of width [llength $sig_list] for `$net_name_last`."
##                 # probe0 already exists, and does not need to be created
##                 if { $i != 0 } { create_debug_port i_ila probe }
##                 set_property port_width [llength $sig_list] [get_debug_ports i_ila/probe$i]
##                 set_property PROBE_TYPE DATA_AND_TRIGGER [get_debug_ports i_ila/probe$i]
##                 connect_debug_port i_ila/probe$i [get_nets $sig_list]
##                 incr i
##             }
##             set sig_list ""
##         }
##         lappend sig_list $net
##         set net_name_last $net_name
##     }
##     # Save constraints, then implement the debug core
##     save_constraints -force
##     implement_debug_core
## }
# init_impl $xilinx_root $argc $argv
create_project: Time (s): cpu = 00:00:04 ; elapsed = 00:00:05 . Memory (MB): peak = 1005.078 ; gain = 119.355
WARNING: [Board 49-151] The current board 'digilentinc.com::genesys2:1.1' is from a local repo. The vivado install has a corresponding board with version greater than or equal to the local repo board. Please use boards from vivado install to avoid any upgrade/migrate issues
# switch $proj {
# 
#     clkwiz {
#         create_ip -name clk_wiz -vendor xilinx.com -library ip -version 6.0 -module_name $proj
#         switch $board {
#             genesys2 {
#                 set_property -dict [list \
#                     CONFIG.PRIM_SOURCE {No_buffer} \
#                     CONFIG.PRIM_IN_FREQ {200.000} \
#                     CONFIG.CLKOUT1_USED {true} \
#                     CONFIG.CLKOUT2_USED {true} \
#                     CONFIG.CLKOUT3_USED {true} \
#                     CONFIG.CLKOUT4_USED {true} \
#                     CONFIG.CLK_OUT1_PORT {clk_50} \
#                     CONFIG.CLK_OUT2_PORT {clk_48} \
#                     CONFIG.CLK_OUT3_PORT {clk_20} \
#                     CONFIG.CLK_OUT4_PORT {clk_10} \
#                     CONFIG.CLKOUT1_REQUESTED_OUT_FREQ {50.000} \
#                     CONFIG.CLKOUT2_REQUESTED_OUT_FREQ {48.000} \
#                     CONFIG.CLKOUT3_REQUESTED_OUT_FREQ {20.000} \
#                     CONFIG.CLKOUT4_REQUESTED_OUT_FREQ {10.000} \
#                     CONFIG.CLKIN1_JITTER_PS {50.0} \
#                     CONFIG.MMCM_CLKFBOUT_MULT_F {6.000} \
#                     CONFIG.MMCM_CLKIN1_PERIOD {5.000} \
#                     CONFIG.MMCM_CLKOUT1_DIVIDE {24} \
#                     CONFIG.MMCM_CLKOUT2_DIVIDE {25} \
#                     CONFIG.MMCM_CLKOUT3_DIVIDE {60} \
#                     CONFIG.MMCM_CLKOUT4_DIVIDE {120} \
#                     CONFIG.NUM_OUT_CLKS {4} \
#                     CONFIG.CLKOUT1_JITTER {112.316} \
#                     CONFIG.CLKOUT1_PHASE_ERROR {89.971} \
#                     CONFIG.CLKOUT2_JITTER {129.198} \
#                     CONFIG.CLKOUT2_PHASE_ERROR {89.971} \
#                     CONFIG.CLKOUT3_JITTER {155.330} \
#                     CONFIG.CLKOUT3_PHASE_ERROR {89.971} \
#                     CONFIG.CLKOUT4_JITTER {178.053} \
#                     CONFIG.CLKOUT4_PHASE_ERROR {89.971} \
#                     ] [get_ips $proj]
#             }
#             vcu128 {
#                 set_property -dict [list \
#                     CONFIG.CLK_IN1_BOARD_INTERFACE {Custom} \
#                     CONFIG.RESET_BOARD_INTERFACE {Custom} \
#                     CONFIG.USE_RESET {true} \
#                     CONFIG.PRIM_SOURCE {No_buffer} \
#                     CONFIG.PRIM_IN_FREQ {100.000} \
#                     CONFIG.CLKOUT1_USED {true} \
#                     CONFIG.CLKOUT2_USED {true} \
#                     CONFIG.CLKOUT3_USED {true} \
#                     CONFIG.CLKOUT4_USED {true} \
#                     CONFIG.CLK_OUT1_PORT {clk_50} \
#                     CONFIG.CLK_OUT2_PORT {clk_48} \
#                     CONFIG.CLK_OUT3_PORT {clk_20} \
#                     CONFIG.CLK_OUT4_PORT {clk_10} \
#                     CONFIG.CLKOUT1_REQUESTED_OUT_FREQ {50.000} \
#                     CONFIG.CLKOUT2_REQUESTED_OUT_FREQ {48.000} \
#                     CONFIG.CLKOUT3_REQUESTED_OUT_FREQ {20.000} \
#                     CONFIG.CLKOUT4_REQUESTED_OUT_FREQ {10.000} \
#                     CONFIG.MMCM_CLKFBOUT_MULT_F {12.000} \
#                     CONFIG.MMCM_CLKIN1_PERIOD {5.000} \
#                     CONFIG.MMCM_CLKOUT1_DIVIDE {24} \
#                     CONFIG.MMCM_CLKOUT2_DIVIDE {25} \
#                     CONFIG.MMCM_CLKOUT3_DIVIDE {60} \
#                     CONFIG.MMCM_CLKOUT4_DIVIDE {120} \
#                     CONFIG.NUM_OUT_CLKS {4} \
#                     CONFIG.CLKOUT1_JITTER {112.316} \
#                     CONFIG.CLKOUT1_PHASE_ERROR {89.971} \
#                     CONFIG.CLKOUT2_JITTER {129.198} \
#                     CONFIG.CLKOUT2_PHASE_ERROR {89.971} \
#                     CONFIG.CLKOUT3_JITTER {155.330} \
#                     CONFIG.CLKOUT3_PHASE_ERROR {89.971} \
#                     CONFIG.CLKOUT4_JITTER {178.053} \
#                     CONFIG.CLKOUT4_PHASE_ERROR {89.971} \
#                     ] [get_ips $proj]
#             }
#             default { nocfgexit $proj $board }
#         }
#     }
# 
#     vio {
#         create_ip -name vio -vendor xilinx.com -library ip -version 3.0 -module_name $proj
#         switch $board {
#             genesys2 {
#                 set_property -dict [list \
#                     CONFIG.C_NUM_PROBE_OUT {3} \
#                     CONFIG.C_PROBE_OUT0_INIT_VAL {0x0} \
#                     CONFIG.C_PROBE_OUT1_INIT_VAL {0x0} \
#                     CONFIG.C_PROBE_OUT2_INIT_VAL {0x0} \
#                     CONFIG.C_PROBE_OUT1_WIDTH {2} \
#                     CONFIG.C_EN_PROBE_IN_ACTIVITY {0} \
#                     CONFIG.C_NUM_PROBE_IN {0} \
#                     ] [get_ips $proj]
#             }
#             vcu128 {
#                 set_property -dict [list \
#                     CONFIG.C_NUM_PROBE_OUT {3} \
#                     CONFIG.C_PROBE_OUT0_INIT_VAL {0x0} \
#                     CONFIG.C_PROBE_OUT1_INIT_VAL {0x2} \
#                     CONFIG.C_PROBE_OUT2_INIT_VAL {0x1} \
#                     CONFIG.C_PROBE_OUT1_WIDTH {2} \
#                     CONFIG.C_EN_PROBE_IN_ACTIVITY {0} \
#                     CONFIG.C_NUM_PROBE_IN {0} \
#                     ] [get_ips $proj]
#             }
#             default { nocfgexit $proj $board }
#         }
#     }
# 
#     mig7s {
#         create_ip -name mig_7series -vendor xilinx.com -library ip -module_name $proj
#         # Inject existing project file
#         file copy ${xilinx_root}/src/ips/${board}.${proj}.prj \
#             ${project_root}/${proj}.srcs/sources_1/ip/${proj}/mig_a.prj
#         switch $board {
#             genesys2 {
#                 set_property -dict [list \
#                     CONFIG.XML_INPUT_FILE {mig_a.prj} \
#                     CONFIG.RESET_BOARD_INTERFACE {Custom} \
#                     CONFIG.MIG_DONT_TOUCH_PARAM {Custom} \
#                     CONFIG.BOARD_MIG_PARAM {Custom} \
#                     ] [get_ips $proj]
#             }
#             default { nocfgexit $proj $board }
#         }
#     }
# 
#     ddr4 {
#         create_ip -name ddr4 -vendor xilinx.com -library ip -version 2.2 -module_name $proj
#         switch $board {
#             vcu128 {
#                 set_property -dict [list \
#                     CONFIG.C0.DDR4_Clamshell {true} \
#                     CONFIG.C0_DDR4_BOARD_INTERFACE {ddr4_sdram} \
#                     CONFIG.System_Clock {No_Buffer} \
#                     CONFIG.Reference_Clock {No_Buffer} \
#                     CONFIG.C0.DDR4_InputClockPeriod {10000} \
#                     CONFIG.C0.DDR4_CLKOUT0_DIVIDE {3} \
#                     CONFIG.C0.DDR4_MemoryPart {MT40A512M16HA-075E} \
#                     CONFIG.C0.DDR4_DataWidth {72} \
#                     CONFIG.C0.DDR4_DataMask {NO_DM_NO_DBI} \
#                     CONFIG.C0.DDR4_Ecc {true} \
#                     CONFIG.C0.DDR4_AxiDataWidth {512} \
#                     CONFIG.C0.DDR4_AxiAddressWidth {32} \
#                     CONFIG.C0.DDR4_AxiIDWidth {8} \
#                     CONFIG.ADDN_UI_CLKOUT1_FREQ_HZ {100} \
#                     CONFIG.C0.BANK_GROUP_WIDTH {1} \
#                     CONFIG.C0.CS_WIDTH {2} \
#                     CONFIG.C0.DDR4_AxiSelection {true} \
#                     ] [get_ips $proj]
#             }
#             default { nocfgexit $proj $board }
#         }
#     }
# 
# }
INFO: [IP_Flow 19-234] Refreshing IP repositories
INFO: [IP_Flow 19-1704] No user IP repositories specified
INFO: [IP_Flow 19-2313] Loaded Vivado IP repository 'C:/Xilinx/Vivado/2022.2/data/ip'.
WARNING: [IP_Flow 19-3374] An attempt to modify the value of disabled parameter 'MMCM_CLKOUT1_DIVIDE' from '25' to '24' has been ignored for IP 'clkwiz'
WARNING: [IP_Flow 19-3374] An attempt to modify the value of disabled parameter 'MMCM_CLKOUT2_DIVIDE' from '60' to '25' has been ignored for IP 'clkwiz'
WARNING: [IP_Flow 19-3374] An attempt to modify the value of disabled parameter 'MMCM_CLKOUT3_DIVIDE' from '120' to '60' has been ignored for IP 'clkwiz'
WARNING: [IP_Flow 19-3374] An attempt to modify the value of disabled parameter 'MMCM_CLKOUT4_DIVIDE' from '1' to '120' has been ignored for IP 'clkwiz'
# set xci ${project_root}/${proj}.srcs/sources_1/ip/${proj}/${proj}.xci
# generate_target all [get_files $xci]
INFO: [IP_Flow 19-1686] Generating 'Instantiation Template' target for IP 'clkwiz'...
INFO: [IP_Flow 19-1686] Generating 'Synthesis' target for IP 'clkwiz'...
INFO: [IP_Flow 19-1686] Generating 'Simulation' target for IP 'clkwiz'...
INFO: [IP_Flow 19-1686] Generating 'Implementation' target for IP 'clkwiz'...
INFO: [IP_Flow 19-1686] Generating 'Change Log' target for IP 'clkwiz'...
# create_ip_run [get_files -of_objects [get_fileset sources_1] $xci]
# launch_run -jobs $num_jobs ${proj}_synth_1
INFO: [IP_Flow 19-6924] IPCACHE: Running cache check for IP inst: clkwiz
[Fri Feb 27 00:41:36 2026] Launched clkwiz_synth_1...
Run output will be captured here: C:/cheshire/target/xilinx/build/genesys2.clkwiz/clkwiz.runs/clkwiz_synth_1/runme.log
# wait_on_run ${proj}_synth_1
[Fri Feb 27 00:41:36 2026] Waiting for clkwiz_synth_1 to finish...

*** Running vivado
    with args -log clkwiz.vds -m64 -product Vivado -mode batch -messageDb vivado.pb -notrace -source clkwiz.tcl



****** Vivado v2022.2 (64-bit)
  **** SW Build 3671981 on Fri Oct 14 05:00:03 MDT 2022
  **** IP Build 3669848 on Fri Oct 14 08:30:02 MDT 2022
    ** Copyright 1986-2022 Xilinx, Inc. All Rights Reserved.

source clkwiz.tcl -notrace
INFO: [IP_Flow 19-6924] IPCACHE: Running cache check for IP inst: clkwiz
Command: synth_design -top clkwiz -part xc7k325tffg900-2 -incremental_mode off -mode out_of_context
Starting synth_design
Attempting to get a license for feature 'Synthesis' and/or device 'xc7k325t'
INFO: [Common 17-349] Got license for feature 'Synthesis' and/or device 'xc7k325t'
INFO: [Device 21-403] Loading part xc7k325tffg900-2
INFO: [Synth 8-7079] Multithreading enabled for synth_design using a maximum of 4 processes.
INFO: [Synth 8-7078] Launching helper process for spawning children vivado processes
INFO: [Synth 8-7075] Helper process launched with PID 25960
INFO: [Synth 8-11241] undeclared symbol 'REGCCE', assumed default net type 'wire' [C:/Xilinx/Vivado/2022.2/data/verilog/src/unimacro/BRAM_SINGLE_MACRO.v:2170]
---------------------------------------------------------------------------------
Starting RTL Elaboration : Time (s): cpu = 00:00:03 ; elapsed = 00:00:03 . Memory (MB): peak = 1885.645 ; gain = 409.391
---------------------------------------------------------------------------------
INFO: [Synth 8-6157] synthesizing module 'clkwiz' [c:/cheshire/target/xilinx/build/genesys2.clkwiz/clkwiz.gen/sources_1/ip/clkwiz/clkwiz.v:71]
INFO: [Synth 8-6157] synthesizing module 'clkwiz_clk_wiz' [c:/cheshire/target/xilinx/build/genesys2.clkwiz/clkwiz.gen/sources_1/ip/clkwiz/clkwiz_clk_wiz.v:71]
INFO: [Synth 8-6157] synthesizing module 'MMCME2_ADV' [C:/Xilinx/Vivado/2022.2/scripts/rt/data/unisim_comp.v:79852]
	Parameter BANDWIDTH bound to: OPTIMIZED - type: string 
	Parameter CLKFBOUT_MULT_F bound to: 6.000000 - type: double 
	Parameter CLKFBOUT_PHASE bound to: 0.000000 - type: double 
	Parameter CLKFBOUT_USE_FINE_PS bound to: FALSE - type: string 
	Parameter CLKIN1_PERIOD bound to: 5.000000 - type: double 
	Parameter CLKOUT0_DIVIDE_F bound to: 24.000000 - type: double 
	Parameter CLKOUT0_DUTY_CYCLE bound to: 0.500000 - type: double 
	Parameter CLKOUT0_PHASE bound to: 0.000000 - type: double 
	Parameter CLKOUT0_USE_FINE_PS bound to: FALSE - type: string 
	Parameter CLKOUT1_DIVIDE bound to: 25 - type: integer 
	Parameter CLKOUT1_DUTY_CYCLE bound to: 0.500000 - type: double 
	Parameter CLKOUT1_PHASE bound to: 0.000000 - type: double 
	Parameter CLKOUT1_USE_FINE_PS bound to: FALSE - type: string 
	Parameter CLKOUT2_DIVIDE bound to: 60 - type: integer 
	Parameter CLKOUT2_DUTY_CYCLE bound to: 0.500000 - type: double 
	Parameter CLKOUT2_PHASE bound to: 0.000000 - type: double 
	Parameter CLKOUT2_USE_FINE_PS bound to: FALSE - type: string 
	Parameter CLKOUT3_DIVIDE bound to: 120 - type: integer 
	Parameter CLKOUT3_DUTY_CYCLE bound to: 0.500000 - type: double 
	Parameter CLKOUT3_PHASE bound to: 0.000000 - type: double 
	Parameter CLKOUT3_USE_FINE_PS bound to: FALSE - type: string 
	Parameter CLKOUT4_CASCADE bound to: FALSE - type: string 
	Parameter COMPENSATION bound to: ZHOLD - type: string 
	Parameter DIVCLK_DIVIDE bound to: 1 - type: integer 
	Parameter STARTUP_WAIT bound to: FALSE - type: string 
INFO: [Synth 8-6155] done synthesizing module 'MMCME2_ADV' (0#1) [C:/Xilinx/Vivado/2022.2/scripts/rt/data/unisim_comp.v:79852]
INFO: [Synth 8-6157] synthesizing module 'BUFG' [C:/Xilinx/Vivado/2022.2/scripts/rt/data/unisim_comp.v:1082]
INFO: [Synth 8-6155] done synthesizing module 'BUFG' (0#1) [C:/Xilinx/Vivado/2022.2/scripts/rt/data/unisim_comp.v:1082]
INFO: [Synth 8-6155] done synthesizing module 'clkwiz_clk_wiz' (0#1) [c:/cheshire/target/xilinx/build/genesys2.clkwiz/clkwiz.gen/sources_1/ip/clkwiz/clkwiz_clk_wiz.v:71]
INFO: [Synth 8-6155] done synthesizing module 'clkwiz' (0#1) [c:/cheshire/target/xilinx/build/genesys2.clkwiz/clkwiz.gen/sources_1/ip/clkwiz/clkwiz.v:71]
---------------------------------------------------------------------------------
Finished RTL Elaboration : Time (s): cpu = 00:00:04 ; elapsed = 00:00:04 . Memory (MB): peak = 1976.152 ; gain = 499.898
---------------------------------------------------------------------------------
---------------------------------------------------------------------------------
Start Handling Custom Attributes
---------------------------------------------------------------------------------
---------------------------------------------------------------------------------
Finished Handling Custom Attributes : Time (s): cpu = 00:00:04 ; elapsed = 00:00:04 . Memory (MB): peak = 1976.152 ; gain = 499.898
---------------------------------------------------------------------------------
---------------------------------------------------------------------------------
Finished RTL Optimization Phase 1 : Time (s): cpu = 00:00:04 ; elapsed = 00:00:04 . Memory (MB): peak = 1976.152 ; gain = 499.898
---------------------------------------------------------------------------------
Netlist sorting complete. Time (s): cpu = 00:00:00 ; elapsed = 00:00:00 . Memory (MB): peak = 1976.152 ; gain = 0.000
INFO: [Netlist 29-17] Analyzing 1 Unisim elements for replacement
INFO: [Netlist 29-28] Unisim Transformation completed in 0 CPU seconds
INFO: [Project 1-570] Preparing netlist for logic optimization

Processing XDC Constraints
Initializing timing engine
Parsing XDC File [c:/cheshire/target/xilinx/build/genesys2.clkwiz/clkwiz.gen/sources_1/ip/clkwiz/clkwiz_ooc.xdc] for cell 'inst'
Finished Parsing XDC File [c:/cheshire/target/xilinx/build/genesys2.clkwiz/clkwiz.gen/sources_1/ip/clkwiz/clkwiz_ooc.xdc] for cell 'inst'
Parsing XDC File [c:/cheshire/target/xilinx/build/genesys2.clkwiz/clkwiz.gen/sources_1/ip/clkwiz/clkwiz_board.xdc] for cell 'inst'
Finished Parsing XDC File [c:/cheshire/target/xilinx/build/genesys2.clkwiz/clkwiz.gen/sources_1/ip/clkwiz/clkwiz_board.xdc] for cell 'inst'
Parsing XDC File [c:/cheshire/target/xilinx/build/genesys2.clkwiz/clkwiz.gen/sources_1/ip/clkwiz/clkwiz.xdc] for cell 'inst'
Finished Parsing XDC File [c:/cheshire/target/xilinx/build/genesys2.clkwiz/clkwiz.gen/sources_1/ip/clkwiz/clkwiz.xdc] for cell 'inst'
Parsing XDC File [C:/cheshire/target/xilinx/build/genesys2.clkwiz/clkwiz.runs/clkwiz_synth_1/dont_touch.xdc]
Finished Parsing XDC File [C:/cheshire/target/xilinx/build/genesys2.clkwiz/clkwiz.runs/clkwiz_synth_1/dont_touch.xdc]
Parsing XDC File [c:/cheshire/target/xilinx/build/genesys2.clkwiz/clkwiz.gen/sources_1/ip/clkwiz/clkwiz_late.xdc] for cell 'inst'
Finished Parsing XDC File [c:/cheshire/target/xilinx/build/genesys2.clkwiz/clkwiz.gen/sources_1/ip/clkwiz/clkwiz_late.xdc] for cell 'inst'
Completed Processing XDC Constraints

Netlist sorting complete. Time (s): cpu = 00:00:00 ; elapsed = 00:00:00 . Memory (MB): peak = 1978.156 ; gain = 0.000
INFO: [Project 1-111] Unisim Transformation Summary:
No Unisim elements were transformed.

INFO: [Timing 38-2] Deriving generated clocks
Constraint Validation Runtime : Time (s): cpu = 00:00:00 ; elapsed = 00:00:00.021 . Memory (MB): peak = 1978.191 ; gain = 0.035
INFO: [Designutils 20-5008] Incremental synthesis strategy off
INFO: [Synth 8-11241] undeclared symbol 'REGCCE', assumed default net type 'wire' [C:/Xilinx/Vivado/2022.2/data/verilog/src/unimacro/BRAM_SINGLE_MACRO.v:2170]
---------------------------------------------------------------------------------
Finished Constraint Validation : Time (s): cpu = 00:00:09 ; elapsed = 00:00:09 . Memory (MB): peak = 1978.191 ; gain = 501.938
---------------------------------------------------------------------------------
---------------------------------------------------------------------------------
Start Loading Part and Timing Information
---------------------------------------------------------------------------------
Loading part: xc7k325tffg900-2
---------------------------------------------------------------------------------
Finished Loading Part and Timing Information : Time (s): cpu = 00:00:09 ; elapsed = 00:00:09 . Memory (MB): peak = 1978.191 ; gain = 501.938
---------------------------------------------------------------------------------
---------------------------------------------------------------------------------
Start Applying 'set_property' XDC Constraints
---------------------------------------------------------------------------------
Applied set_property KEEP_HIERARCHY = SOFT for inst. (constraint file  C:/cheshire/target/xilinx/build/genesys2.clkwiz/clkwiz.runs/clkwiz_synth_1/dont_touch.xdc, line 9).
---------------------------------------------------------------------------------
Finished applying 'set_property' XDC Constraints : Time (s): cpu = 00:00:09 ; elapsed = 00:00:09 . Memory (MB): peak = 1978.191 ; gain = 501.938
---------------------------------------------------------------------------------
---------------------------------------------------------------------------------
Finished RTL Optimization Phase 2 : Time (s): cpu = 00:00:09 ; elapsed = 00:00:09 . Memory (MB): peak = 1978.191 ; gain = 501.938
---------------------------------------------------------------------------------
---------------------------------------------------------------------------------
Start RTL Component Statistics 
---------------------------------------------------------------------------------
Detailed RTL Component Info : 
---------------------------------------------------------------------------------
Finished RTL Component Statistics 
---------------------------------------------------------------------------------
---------------------------------------------------------------------------------
Start Part Resource Summary
---------------------------------------------------------------------------------
Part Resources:
DSPs: 840 (col length:140)
BRAMs: 890 (col length: RAMB18 140 RAMB36 70)
---------------------------------------------------------------------------------
Finished Part Resource Summary
---------------------------------------------------------------------------------
---------------------------------------------------------------------------------
Start Cross Boundary and Area Optimization
---------------------------------------------------------------------------------
WARNING: [Synth 8-7080] Parallel synthesis criteria is not met
---------------------------------------------------------------------------------
Finished Cross Boundary and Area Optimization : Time (s): cpu = 00:00:10 ; elapsed = 00:00:10 . Memory (MB): peak = 1978.191 ; gain = 501.938
---------------------------------------------------------------------------------
---------------------------------------------------------------------------------
Start Applying XDC Timing Constraints
---------------------------------------------------------------------------------
---------------------------------------------------------------------------------
Finished Applying XDC Timing Constraints : Time (s): cpu = 00:00:13 ; elapsed = 00:00:14 . Memory (MB): peak = 1978.191 ; gain = 501.938
---------------------------------------------------------------------------------
---------------------------------------------------------------------------------
Start Timing Optimization
---------------------------------------------------------------------------------
---------------------------------------------------------------------------------
Finished Timing Optimization : Time (s): cpu = 00:00:13 ; elapsed = 00:00:14 . Memory (MB): peak = 1978.191 ; gain = 501.938
---------------------------------------------------------------------------------
---------------------------------------------------------------------------------
Start Technology Mapping
---------------------------------------------------------------------------------
---------------------------------------------------------------------------------
Finished Technology Mapping : Time (s): cpu = 00:00:13 ; elapsed = 00:00:14 . Memory (MB): peak = 1981.875 ; gain = 505.621
---------------------------------------------------------------------------------
---------------------------------------------------------------------------------
Start IO Insertion
---------------------------------------------------------------------------------
---------------------------------------------------------------------------------
Start Flattening Before IO Insertion
---------------------------------------------------------------------------------
---------------------------------------------------------------------------------
Finished Flattening Before IO Insertion
---------------------------------------------------------------------------------
---------------------------------------------------------------------------------
Start Final Netlist Cleanup
---------------------------------------------------------------------------------
---------------------------------------------------------------------------------
Finished Final Netlist Cleanup
---------------------------------------------------------------------------------
---------------------------------------------------------------------------------
Finished IO Insertion : Time (s): cpu = 00:00:15 ; elapsed = 00:00:16 . Memory (MB): peak = 1988.609 ; gain = 512.355
---------------------------------------------------------------------------------
---------------------------------------------------------------------------------
Start Renaming Generated Instances
---------------------------------------------------------------------------------
---------------------------------------------------------------------------------
Finished Renaming Generated Instances : Time (s): cpu = 00:00:15 ; elapsed = 00:00:16 . Memory (MB): peak = 1988.609 ; gain = 512.355
---------------------------------------------------------------------------------
---------------------------------------------------------------------------------
Start Rebuilding User Hierarchy
---------------------------------------------------------------------------------
---------------------------------------------------------------------------------
Finished Rebuilding User Hierarchy : Time (s): cpu = 00:00:15 ; elapsed = 00:00:16 . Memory (MB): peak = 1988.609 ; gain = 512.355
---------------------------------------------------------------------------------
---------------------------------------------------------------------------------
Start Renaming Generated Ports
---------------------------------------------------------------------------------
---------------------------------------------------------------------------------
Finished Renaming Generated Ports : Time (s): cpu = 00:00:15 ; elapsed = 00:00:16 . Memory (MB): peak = 1988.609 ; gain = 512.355
---------------------------------------------------------------------------------
---------------------------------------------------------------------------------
Start Handling Custom Attributes
---------------------------------------------------------------------------------
---------------------------------------------------------------------------------
Finished Handling Custom Attributes : Time (s): cpu = 00:00:15 ; elapsed = 00:00:16 . Memory (MB): peak = 1988.609 ; gain = 512.355
---------------------------------------------------------------------------------
---------------------------------------------------------------------------------
Start Renaming Generated Nets
---------------------------------------------------------------------------------
---------------------------------------------------------------------------------
Finished Renaming Generated Nets : Time (s): cpu = 00:00:15 ; elapsed = 00:00:16 . Memory (MB): peak = 1988.609 ; gain = 512.355
---------------------------------------------------------------------------------
---------------------------------------------------------------------------------
Start Writing Synthesis Report
---------------------------------------------------------------------------------

Report BlackBoxes: 
+-+--------------+----------+
| |BlackBox name |Instances |
+-+--------------+----------+
+-+--------------+----------+

Report Cell Usage: 
+------+-----------+------+
|      |Cell       |Count |
+------+-----------+------+
|1     |BUFG       |     5|
|2     |MMCME2_ADV |     1|
+------+-----------+------+
---------------------------------------------------------------------------------
Finished Writing Synthesis Report : Time (s): cpu = 00:00:15 ; elapsed = 00:00:16 . Memory (MB): peak = 1988.609 ; gain = 512.355
---------------------------------------------------------------------------------
Synthesis finished with 0 errors, 0 critical warnings and 1 warnings.
Synthesis Optimization Runtime : Time (s): cpu = 00:00:10 ; elapsed = 00:00:15 . Memory (MB): peak = 1988.609 ; gain = 510.316
Synthesis Optimization Complete : Time (s): cpu = 00:00:15 ; elapsed = 00:00:16 . Memory (MB): peak = 1988.609 ; gain = 512.355
INFO: [Project 1-571] Translating synthesized netlist
Netlist sorting complete. Time (s): cpu = 00:00:00 ; elapsed = 00:00:00 . Memory (MB): peak = 1988.609 ; gain = 0.000
INFO: [Netlist 29-17] Analyzing 1 Unisim elements for replacement
INFO: [Netlist 29-28] Unisim Transformation completed in 0 CPU seconds
INFO: [Project 1-570] Preparing netlist for logic optimization
INFO: [Opt 31-138] Pushed 0 inverter(s) to 0 load pin(s).
Netlist sorting complete. Time (s): cpu = 00:00:00 ; elapsed = 00:00:00 . Memory (MB): peak = 2008.742 ; gain = 0.000
INFO: [Project 1-111] Unisim Transformation Summary:
No Unisim elements were transformed.

Synth Design complete, checksum: 687aaa5c
INFO: [Common 17-83] Releasing license: Synthesis
29 Infos, 1 Warnings, 0 Critical Warnings and 0 Errors encountered.
synth_design completed successfully
synth_design: Time (s): cpu = 00:00:18 ; elapsed = 00:00:20 . Memory (MB): peak = 2008.742 ; gain = 964.754
INFO: [Common 17-600] The following parameters have non-default value.
general.maxThreads
INFO: [Common 17-1381] The checkpoint 'C:/cheshire/target/xilinx/build/genesys2.clkwiz/clkwiz.runs/clkwiz_synth_1/clkwiz.dcp' has been generated.
INFO: [Coretcl 2-1648] Added synthesis output to IP cache for IP clkwiz, cache-ID = f29b0215ecc32ba0
INFO: [Common 17-1381] The checkpoint 'C:/cheshire/target/xilinx/build/genesys2.clkwiz/clkwiz.runs/clkwiz_synth_1/clkwiz.dcp' has been generated.
INFO: [runtcl-4] Executing : report_utilization -file clkwiz_utilization_synth.rpt -pb clkwiz_utilization_synth.pb
INFO: [Common 17-206] Exiting Vivado at Fri Feb 27 00:42:06 2026...
[Fri Feb 27 00:42:07 2026] clkwiz_synth_1 finished
wait_on_runs: Time (s): cpu = 00:00:00 ; elapsed = 00:00:30 . Memory (MB): peak = 1242.754 ; gain = 0.000
# file delete -force ${project_root}/out.xci
INFO: [Common 17-206] Exiting Vivado at Fri Feb 27 00:42:07 2026...
