#-----------------------------------------------------------
# Vivado v2022.2 (64-bit)
# SW Build 3671981 on Fri Oct 14 04:59:54 MDT 2022
# IP Build 3669848 on Fri Oct 14 08:30:02 MDT 2022
# Start of session at: Fri Feb 27 13:31:53 2026
# Process ID: 324792
# Current directory: /home/shc/projects/chs-nv/cheshire_nv_built/target/xilinx/build/genesys2.vio
# Command line: vivado -mode batch -log ../genesys2.vio.log -jou ../genesys2.vio.jou -source /home/shc/projects/chs-nv/cheshire_nv_built/target/xilinx/scripts/impl_ip.tcl -tclargs genesys2 vio
# Log file: /home/shc/projects/chs-nv/cheshire_nv_built/target/xilinx/build/genesys2.vio/../genesys2.vio.log
# Journal file: /home/shc/projects/chs-nv/cheshire_nv_built/target/xilinx/build/genesys2.vio/../genesys2.vio.jou
# Running On: karpuz, OS: Linux, CPU Frequency: 2211.177 MHz, CPU Physical cores: 12, Host memory: 67154 MB
#-----------------------------------------------------------
source /home/shc/projects/chs-nv/cheshire_nv_built/target/xilinx/scripts/impl_ip.tcl
# set xilinx_root [file dirname [file dirname [file normalize [info script]]]]
# source ${xilinx_root}/scripts/common.tcl
## set bpart(genesys2) "digilentinc.com:genesys2:part0:1.1"
## set fpart(genesys2) "xc7k325tffg900-2"
## set hwdev(genesys2) "xc7k325t_0"
## set cfgmp(genesys2) "s25fl256sxxxxxx0-spi-x1_x2_x4"
## set bpart(vcu128) "xilinx.com:vcu128:part0:1.0"
## set fpart(vcu128) "xcvu37p-fsvh2892-2L-e"
## set hwdev(vcu128) "xcvu37p_0"
## set cfgmp(vcu128) "mt25qu02g-spi-x1_x2_x4"
## set_param board.repoPaths [list /home/shc/temp/vivado-boards-master/new/board_files/genesys2/H]
## proc init_impl {xilinx_root argc argv} {
##     global fpart
##     global bpart
##     # We declare these variables into the global context
##     global num_threads
##     global num_jobs
##     global project_root
##     global board
##     global proj
##     # Check argument count
##     if { $argc < 2 } {
##         puts "Error: Insufficient implementation arguments (${argc}): ${argv}."
##         return -code error
##     }
##     # Configure parallelism
##     set num_threads 8
##     set num_jobs 8
##     # Get arguments
##     set board [lindex $argv 0]
##     set proj [lindex $argv 1]
##     # Set up multithreading
##     set_param general.maxThreads $num_threads
##     # Remove prior build
##     set project_root ${xilinx_root}/build/${board}.${proj}
##     file delete -force [glob -nocomplain ${project_root}/*]
##     # Create project
##     create_project $proj $project_root -force -part $fpart($board)
##     set_property board_part $bpart($board) [current_project]
## }
## proc open_target {xilinx_root argc argv suffix} {
##     global hwdev
##     # We declare these variables into the global context
##     global project_root
##     global board
##     global hw_tgt
##     global hw_device
##     # Check argument count
##     if { $argc < 3 } {
##         puts "Error: Insufficient target arguments (${argc}): ${argv}."
##         return -code error
##     }
##     # Get arguments
##     set url [lindex $argv 0]
##     set path [lindex $argv 1]
##     set board [lindex $argv 2]
##     # Remove prior build
##     set project_root ${xilinx_root}/build/${board}.${suffix}
##     file delete -force [glob -nocomplain ${project_root}/*]
##     # Connect to HW server
##     open_hw_manager
##     connect_hw_server -url $url
##     # Open HW target, set JTAG frequency
##     set hw_tgts [get_hw_targets ${url}/${path}]
##     # From all matching targets, choose last (most specific) one
##     set hw_tgt [lindex ${hw_tgts} [expr { [llength ${hw_tgts}] - 1 }]]
##     open_hw_target $hw_tgt
##     set_property PARAM.FREQUENCY 15000000 $hw_tgt
##     # Get hardware device
##     set hw_device [get_hw_devices $hwdev($board)]
## }
## proc no_cfg_exit {proj board} {
##     puts "Error: Unsupported board ${board} for ${proj}."
##     return -code error
## }
## proc gen_reports {rptdir} {
##     file delete -force $rptdir
##     file mkdir ${rptdir}
##     # tclint-disable spacing, line-length
##     check_timing             -file ${rptdir}/check_timing.rpt       -verbose
##     report_timing            -file ${rptdir}/timing_worst_100.rpt   -max_paths 100 -nworst 100 -delay_type max -sort_by slack
##     report_timing            -file ${rptdir}/timing_worst.rpt       -nworst 1 -delay_type max -sort_by group
##     report_utilization       -file ${rptdir}/utilization.rpt        -hierarchical
##     report_cdc               -file ${rptdir}/cdc.rpt
##     report_clock_interaction -file ${rptdir}/clock_interaction.rpt
##     report_timing_summary    -file ${rptdir}/timing_summary.rpt
##     # tclint-enable spacing, line-length
## }
## proc insert_ilas {clk_net_name} {
##     global project_root
##     # Get nets to debug
##     set debug_nets [lsort -dictionary [get_nets -hier -filter {MARK_DEBUG == 1}]]
##     # Create debug core only if there are probes
##     if { ![llength $debug_nets] } { return }
##     # Create and configure debug core
##     create_debug_core i_ila ila
##     set_property -dict [list \
##         ALL_PROBE_SAME_MU {true} ALL_PROBE_SAME_MU_CNT {4} C_ADV_TRIGGER {true} \
##         C_DATA_DEPTH {16384} C_EN_STRG_QUAL {true} C_INPUT_PIPE_STAGES {0} \
##         C_TRIGIN_EN {false} C_TRIGOUT_EN {false} \
##         ] [get_debug_cores i_ila]
##     # Connect SoC clock
##     set_property port_width 1 [get_debug_ports i_ila/clk]
##     connect_debug_port i_ila/clk [get_nets $clk_net_name]
##     # Loop through debug nets (add extra list element to ensure last net is processed)
##     set net_name_last ""
##     set i 0
##     foreach net [concat $debug_nets {""}] {
##         # Remove trailing array index
##         regsub {\[[0-9]*\]$} $net {} net_name
##         # Create probe after all signals with the same name have been collected
##         if { $net_name_last != $net_name } {
##             if { $net_name_last != "" } {
##                 puts "Creating probe $i of width [llength $sig_list] for `$net_name_last`."
##                 # probe0 already exists, and does not need to be created
##                 if { $i != 0 } { create_debug_port i_ila probe }
##                 set_property port_width [llength $sig_list] [get_debug_ports i_ila/probe$i]
##                 set_property PROBE_TYPE DATA_AND_TRIGGER [get_debug_ports i_ila/probe$i]
##                 connect_debug_port i_ila/probe$i [get_nets $sig_list]
##                 incr i
##             }
##             set sig_list ""
##         }
##         lappend sig_list $net
##         set net_name_last $net_name
##     }
##     # Save constraints, then implement the debug core
##     save_constraints -force
##     implement_debug_core
## }
# init_impl $xilinx_root $argc $argv
WARNING: [Board 49-151] The current board 'digilentinc.com::genesys2:1.1' is from a local repo. The vivado install has a corresponding board with version greater than or equal to the local repo board. Please use boards from vivado install to avoid any upgrade/migrate issues
# switch $proj {
# 
#     clkwiz {
#         create_ip -name clk_wiz -vendor xilinx.com -library ip -version 6.0 -module_name $proj
#         switch $board {
#             genesys2 {
#                 set_property -dict [list \
#                     CONFIG.PRIM_SOURCE {No_buffer} \
#                     CONFIG.PRIM_IN_FREQ {200.000} \
#                     CONFIG.CLKOUT1_USED {true} \
#                     CONFIG.CLKOUT2_USED {true} \
#                     CONFIG.CLKOUT3_USED {true} \
#                     CONFIG.CLKOUT4_USED {true} \
#                     CONFIG.CLK_OUT1_PORT {clk_50} \
#                     CONFIG.CLK_OUT2_PORT {clk_48} \
#                     CONFIG.CLK_OUT3_PORT {clk_20} \
#                     CONFIG.CLK_OUT4_PORT {clk_10} \
#                     CONFIG.CLKOUT1_REQUESTED_OUT_FREQ {50.000} \
#                     CONFIG.CLKOUT2_REQUESTED_OUT_FREQ {48.000} \
#                     CONFIG.CLKOUT3_REQUESTED_OUT_FREQ {20.000} \
#                     CONFIG.CLKOUT4_REQUESTED_OUT_FREQ {10.000} \
#                     CONFIG.CLKIN1_JITTER_PS {50.0} \
#                     CONFIG.MMCM_CLKFBOUT_MULT_F {6.000} \
#                     CONFIG.MMCM_CLKIN1_PERIOD {5.000} \
#                     CONFIG.MMCM_CLKOUT1_DIVIDE {24} \
#                     CONFIG.MMCM_CLKOUT2_DIVIDE {25} \
#                     CONFIG.MMCM_CLKOUT3_DIVIDE {60} \
#                     CONFIG.MMCM_CLKOUT4_DIVIDE {120} \
#                     CONFIG.NUM_OUT_CLKS {4} \
#                     CONFIG.CLKOUT1_JITTER {112.316} \
#                     CONFIG.CLKOUT1_PHASE_ERROR {89.971} \
#                     CONFIG.CLKOUT2_JITTER {129.198} \
#                     CONFIG.CLKOUT2_PHASE_ERROR {89.971} \
#                     CONFIG.CLKOUT3_JITTER {155.330} \
#                     CONFIG.CLKOUT3_PHASE_ERROR {89.971} \
#                     CONFIG.CLKOUT4_JITTER {178.053} \
#                     CONFIG.CLKOUT4_PHASE_ERROR {89.971} \
#                     ] [get_ips $proj]
#             }
#             vcu128 {
#                 set_property -dict [list \
#                     CONFIG.CLK_IN1_BOARD_INTERFACE {Custom} \
#                     CONFIG.RESET_BOARD_INTERFACE {Custom} \
#                     CONFIG.USE_RESET {true} \
#                     CONFIG.PRIM_SOURCE {No_buffer} \
#                     CONFIG.PRIM_IN_FREQ {100.000} \
#                     CONFIG.CLKOUT1_USED {true} \
#                     CONFIG.CLKOUT2_USED {true} \
#                     CONFIG.CLKOUT3_USED {true} \
#                     CONFIG.CLKOUT4_USED {true} \
#                     CONFIG.CLK_OUT1_PORT {clk_50} \
#                     CONFIG.CLK_OUT2_PORT {clk_48} \
#                     CONFIG.CLK_OUT3_PORT {clk_20} \
#                     CONFIG.CLK_OUT4_PORT {clk_10} \
#                     CONFIG.CLKOUT1_REQUESTED_OUT_FREQ {50.000} \
#                     CONFIG.CLKOUT2_REQUESTED_OUT_FREQ {48.000} \
#                     CONFIG.CLKOUT3_REQUESTED_OUT_FREQ {20.000} \
#                     CONFIG.CLKOUT4_REQUESTED_OUT_FREQ {10.000} \
#                     CONFIG.MMCM_CLKFBOUT_MULT_F {12.000} \
#                     CONFIG.MMCM_CLKIN1_PERIOD {5.000} \
#                     CONFIG.MMCM_CLKOUT1_DIVIDE {24} \
#                     CONFIG.MMCM_CLKOUT2_DIVIDE {25} \
#                     CONFIG.MMCM_CLKOUT3_DIVIDE {60} \
#                     CONFIG.MMCM_CLKOUT4_DIVIDE {120} \
#                     CONFIG.NUM_OUT_CLKS {4} \
#                     CONFIG.CLKOUT1_JITTER {112.316} \
#                     CONFIG.CLKOUT1_PHASE_ERROR {89.971} \
#                     CONFIG.CLKOUT2_JITTER {129.198} \
#                     CONFIG.CLKOUT2_PHASE_ERROR {89.971} \
#                     CONFIG.CLKOUT3_JITTER {155.330} \
#                     CONFIG.CLKOUT3_PHASE_ERROR {89.971} \
#                     CONFIG.CLKOUT4_JITTER {178.053} \
#                     CONFIG.CLKOUT4_PHASE_ERROR {89.971} \
#                     ] [get_ips $proj]
#             }
#             default { nocfgexit $proj $board }
#         }
#     }
# 
#     vio {
#         create_ip -name vio -vendor xilinx.com -library ip -version 3.0 -module_name $proj
#         switch $board {
#             genesys2 {
#                 set_property -dict [list \
#                     CONFIG.C_NUM_PROBE_OUT {3} \
#                     CONFIG.C_PROBE_OUT0_INIT_VAL {0x0} \
#                     CONFIG.C_PROBE_OUT1_INIT_VAL {0x0} \
#                     CONFIG.C_PROBE_OUT2_INIT_VAL {0x0} \
#                     CONFIG.C_PROBE_OUT1_WIDTH {2} \
#                     CONFIG.C_EN_PROBE_IN_ACTIVITY {0} \
#                     CONFIG.C_NUM_PROBE_IN {0} \
#                     ] [get_ips $proj]
#             }
#             vcu128 {
#                 set_property -dict [list \
#                     CONFIG.C_NUM_PROBE_OUT {3} \
#                     CONFIG.C_PROBE_OUT0_INIT_VAL {0x0} \
#                     CONFIG.C_PROBE_OUT1_INIT_VAL {0x2} \
#                     CONFIG.C_PROBE_OUT2_INIT_VAL {0x1} \
#                     CONFIG.C_PROBE_OUT1_WIDTH {2} \
#                     CONFIG.C_EN_PROBE_IN_ACTIVITY {0} \
#                     CONFIG.C_NUM_PROBE_IN {0} \
#                     ] [get_ips $proj]
#             }
#             default { nocfgexit $proj $board }
#         }
#     }
# 
#     mig7s {
#         create_ip -name mig_7series -vendor xilinx.com -library ip -module_name $proj
#         # Inject existing project file
#         file copy ${xilinx_root}/src/ips/${board}.${proj}.prj \
#             ${project_root}/${proj}.srcs/sources_1/ip/${proj}/mig_a.prj
#         switch $board {
#             genesys2 {
#                 set_property -dict [list \
#                     CONFIG.XML_INPUT_FILE {mig_a.prj} \
#                     CONFIG.RESET_BOARD_INTERFACE {Custom} \
#                     CONFIG.MIG_DONT_TOUCH_PARAM {Custom} \
#                     CONFIG.BOARD_MIG_PARAM {Custom} \
#                     ] [get_ips $proj]
#             }
#             default { nocfgexit $proj $board }
#         }
#     }
# 
#     ddr4 {
#         create_ip -name ddr4 -vendor xilinx.com -library ip -version 2.2 -module_name $proj
#         switch $board {
#             vcu128 {
#                 set_property -dict [list \
#                     CONFIG.C0.DDR4_Clamshell {true} \
#                     CONFIG.C0_DDR4_BOARD_INTERFACE {ddr4_sdram} \
#                     CONFIG.System_Clock {No_Buffer} \
#                     CONFIG.Reference_Clock {No_Buffer} \
#                     CONFIG.C0.DDR4_InputClockPeriod {10000} \
#                     CONFIG.C0.DDR4_CLKOUT0_DIVIDE {3} \
#                     CONFIG.C0.DDR4_MemoryPart {MT40A512M16HA-075E} \
#                     CONFIG.C0.DDR4_DataWidth {72} \
#                     CONFIG.C0.DDR4_DataMask {NO_DM_NO_DBI} \
#                     CONFIG.C0.DDR4_Ecc {true} \
#                     CONFIG.C0.DDR4_AxiDataWidth {512} \
#                     CONFIG.C0.DDR4_AxiAddressWidth {32} \
#                     CONFIG.C0.DDR4_AxiIDWidth {8} \
#                     CONFIG.ADDN_UI_CLKOUT1_FREQ_HZ {100} \
#                     CONFIG.C0.BANK_GROUP_WIDTH {1} \
#                     CONFIG.C0.CS_WIDTH {2} \
#                     CONFIG.C0.DDR4_AxiSelection {true} \
#                     ] [get_ips $proj]
#             }
#             default { nocfgexit $proj $board }
#         }
#     }
# 
# }
INFO: [IP_Flow 19-234] Refreshing IP repositories
INFO: [IP_Flow 19-1704] No user IP repositories specified
INFO: [IP_Flow 19-2313] Loaded Vivado IP repository '/tools/Xilinx/Vivado/2022.2/data/ip'.
# set xci ${project_root}/${proj}.srcs/sources_1/ip/${proj}/${proj}.xci
# generate_target all [get_files $xci]
INFO: [IP_Flow 19-1686] Generating 'Instantiation Template' target for IP 'vio'...
INFO: [IP_Flow 19-1686] Generating 'Synthesis' target for IP 'vio'...
INFO: [IP_Flow 19-1686] Generating 'Simulation' target for IP 'vio'...
INFO: [IP_Flow 19-1686] Generating 'Change Log' target for IP 'vio'...
# create_ip_run [get_files -of_objects [get_fileset sources_1] $xci]
# launch_run -jobs $num_jobs ${proj}_synth_1
INFO: [IP_Flow 19-6924] IPCACHE: Running cache check for IP inst: vio
[Fri Feb 27 13:31:59 2026] Launched vio_synth_1...
Run output will be captured here: /home/shc/projects/chs-nv/cheshire_nv_built/target/xilinx/build/genesys2.vio/vio.runs/vio_synth_1/runme.log
# wait_on_run ${proj}_synth_1
[Fri Feb 27 13:31:59 2026] Waiting for vio_synth_1 to finish...

*** Running vivado
    with args -log vio.vds -m64 -product Vivado -mode batch -messageDb vivado.pb -notrace -source vio.tcl


****** Vivado v2022.2 (64-bit)
  **** SW Build 3671981 on Fri Oct 14 04:59:54 MDT 2022
  **** IP Build 3669848 on Fri Oct 14 08:30:02 MDT 2022
    ** Copyright 1986-2022 Xilinx, Inc. All Rights Reserved.

source vio.tcl -notrace
INFO: [IP_Flow 19-6924] IPCACHE: Running cache check for IP inst: vio
Command: synth_design -top vio -part xc7k325tffg900-2 -incremental_mode off -mode out_of_context
Starting synth_design
Attempting to get a license for feature 'Synthesis' and/or device 'xc7k325t'
INFO: [Common 17-349] Got license for feature 'Synthesis' and/or device 'xc7k325t'
INFO: [Common 17-86] Your Synthesis license expires in 23 day(s)
INFO: [Device 21-403] Loading part xc7k325tffg900-2
INFO: [Synth 8-7079] Multithreading enabled for synth_design using a maximum of 4 processes.
INFO: [Synth 8-7078] Launching helper process for spawning children vivado processes
INFO: [Synth 8-7075] Helper process launched with PID 324995
INFO: [Synth 8-11241] undeclared symbol 'REGCCE', assumed default net type 'wire' [/tools/Xilinx/Vivado/2022.2/data/verilog/src/unimacro/BRAM_SINGLE_MACRO.v:2170]
WARNING: [Synth 8-10515] begin/end is required for generate-for in this mode of Verilog [/home/shc/projects/chs-nv/cheshire_nv_built/target/xilinx/build/genesys2.vio/vio.gen/sources_1/ip/vio/hdl/vio_v3_0_syn_rfs.v:1365]
---------------------------------------------------------------------------------
Starting RTL Elaboration : Time (s): cpu = 00:00:02 ; elapsed = 00:00:02 . Memory (MB): peak = 2485.035 ; gain = 370.770 ; free physical = 13287 ; free virtual = 32997
Synthesis current peak Physical Memory [PSS] (MB): peak = 1886.621; parent = 1686.533; children = 200.088
Synthesis current peak Virtual Memory [VSS] (MB): peak = 3470.121; parent = 2489.008; children = 981.113
---------------------------------------------------------------------------------
INFO: [Synth 8-6157] synthesizing module 'vio' [/home/shc/projects/chs-nv/cheshire_nv_built/target/xilinx/build/genesys2.vio/vio.gen/sources_1/ip/vio/synth/vio.v:49]
INFO: [Synth 8-6155] done synthesizing module 'vio' (0#1) [/home/shc/projects/chs-nv/cheshire_nv_built/target/xilinx/build/genesys2.vio/vio.gen/sources_1/ip/vio/synth/vio.v:49]
WARNING: [Synth 8-3848] Net sl_iport0 in module/entity vio does not have driver. [/home/shc/projects/chs-nv/cheshire_nv_built/target/xilinx/build/genesys2.vio/vio.gen/sources_1/ip/vio/synth/vio.v:75]
WARNING: [Synth 8-7129] Port Bus_rst in module vio_v3_0_23_probe_out_one is either unconnected or has no load
WARNING: [Synth 8-7129] Port Read in module vio_v3_0_23_probe_out_one is either unconnected or has no load
WARNING: [Synth 8-7129] Port Bus_Data_in[15] in module vio_v3_0_23_probe_out_one is either unconnected or has no load
WARNING: [Synth 8-7129] Port Bus_Data_in[14] in module vio_v3_0_23_probe_out_one is either unconnected or has no load
WARNING: [Synth 8-7129] Port Bus_Data_in[13] in module vio_v3_0_23_probe_out_one is either unconnected or has no load
WARNING: [Synth 8-7129] Port Bus_Data_in[12] in module vio_v3_0_23_probe_out_one is either unconnected or has no load
WARNING: [Synth 8-7129] Port Bus_Data_in[11] in module vio_v3_0_23_probe_out_one is either unconnected or has no load
WARNING: [Synth 8-7129] Port Bus_Data_in[10] in module vio_v3_0_23_probe_out_one is either unconnected or has no load
WARNING: [Synth 8-7129] Port Bus_Data_in[9] in module vio_v3_0_23_probe_out_one is either unconnected or has no load
WARNING: [Synth 8-7129] Port Bus_Data_in[8] in module vio_v3_0_23_probe_out_one is either unconnected or has no load
WARNING: [Synth 8-7129] Port Bus_Data_in[7] in module vio_v3_0_23_probe_out_one is either unconnected or has no load
WARNING: [Synth 8-7129] Port Bus_Data_in[6] in module vio_v3_0_23_probe_out_one is either unconnected or has no load
WARNING: [Synth 8-7129] Port Bus_Data_in[5] in module vio_v3_0_23_probe_out_one is either unconnected or has no load
WARNING: [Synth 8-7129] Port Bus_Data_in[4] in module vio_v3_0_23_probe_out_one is either unconnected or has no load
WARNING: [Synth 8-7129] Port Bus_Data_in[3] in module vio_v3_0_23_probe_out_one is either unconnected or has no load
WARNING: [Synth 8-7129] Port Bus_Data_in[2] in module vio_v3_0_23_probe_out_one is either unconnected or has no load
WARNING: [Synth 8-7129] Port Bus_Data_in[1] in module vio_v3_0_23_probe_out_one is either unconnected or has no load
WARNING: [Synth 8-7129] Port Internal_cnt_rst in module vio_v3_0_23_probe_out_one is either unconnected or has no load
WARNING: [Synth 8-7129] Port Bus_rst in module vio_v3_0_23_probe_out_one__parameterized0 is either unconnected or has no load
WARNING: [Synth 8-7129] Port Read in module vio_v3_0_23_probe_out_one__parameterized0 is either unconnected or has no load
WARNING: [Synth 8-7129] Port Bus_Data_in[15] in module vio_v3_0_23_probe_out_one__parameterized0 is either unconnected or has no load
WARNING: [Synth 8-7129] Port Bus_Data_in[14] in module vio_v3_0_23_probe_out_one__parameterized0 is either unconnected or has no load
WARNING: [Synth 8-7129] Port Bus_Data_in[13] in module vio_v3_0_23_probe_out_one__parameterized0 is either unconnected or has no load
WARNING: [Synth 8-7129] Port Bus_Data_in[12] in module vio_v3_0_23_probe_out_one__parameterized0 is either unconnected or has no load
WARNING: [Synth 8-7129] Port Bus_Data_in[11] in module vio_v3_0_23_probe_out_one__parameterized0 is either unconnected or has no load
WARNING: [Synth 8-7129] Port Bus_Data_in[10] in module vio_v3_0_23_probe_out_one__parameterized0 is either unconnected or has no load
WARNING: [Synth 8-7129] Port Bus_Data_in[9] in module vio_v3_0_23_probe_out_one__parameterized0 is either unconnected or has no load
WARNING: [Synth 8-7129] Port Bus_Data_in[8] in module vio_v3_0_23_probe_out_one__parameterized0 is either unconnected or has no load
WARNING: [Synth 8-7129] Port Bus_Data_in[7] in module vio_v3_0_23_probe_out_one__parameterized0 is either unconnected or has no load
WARNING: [Synth 8-7129] Port Bus_Data_in[6] in module vio_v3_0_23_probe_out_one__parameterized0 is either unconnected or has no load
WARNING: [Synth 8-7129] Port Bus_Data_in[5] in module vio_v3_0_23_probe_out_one__parameterized0 is either unconnected or has no load
WARNING: [Synth 8-7129] Port Bus_Data_in[4] in module vio_v3_0_23_probe_out_one__parameterized0 is either unconnected or has no load
WARNING: [Synth 8-7129] Port Bus_Data_in[3] in module vio_v3_0_23_probe_out_one__parameterized0 is either unconnected or has no load
WARNING: [Synth 8-7129] Port Bus_Data_in[2] in module vio_v3_0_23_probe_out_one__parameterized0 is either unconnected or has no load
WARNING: [Synth 8-7129] Port Internal_cnt_rst in module vio_v3_0_23_probe_out_one__parameterized0 is either unconnected or has no load
WARNING: [Synth 8-7129] Port probe_in0[0] in module vio_v3_0_23_vio is either unconnected or has no load
WARNING: [Synth 8-7129] Port probe_in1[0] in module vio_v3_0_23_vio is either unconnected or has no load
WARNING: [Synth 8-7129] Port probe_in2[0] in module vio_v3_0_23_vio is either unconnected or has no load
WARNING: [Synth 8-7129] Port probe_in3[0] in module vio_v3_0_23_vio is either unconnected or has no load
WARNING: [Synth 8-7129] Port probe_in4[0] in module vio_v3_0_23_vio is either unconnected or has no load
WARNING: [Synth 8-7129] Port probe_in5[0] in module vio_v3_0_23_vio is either unconnected or has no load
WARNING: [Synth 8-7129] Port probe_in6[0] in module vio_v3_0_23_vio is either unconnected or has no load
WARNING: [Synth 8-7129] Port probe_in7[0] in module vio_v3_0_23_vio is either unconnected or has no load
WARNING: [Synth 8-7129] Port probe_in8[0] in module vio_v3_0_23_vio is either unconnected or has no load
WARNING: [Synth 8-7129] Port probe_in9[0] in module vio_v3_0_23_vio is either unconnected or has no load
WARNING: [Synth 8-7129] Port probe_in10[0] in module vio_v3_0_23_vio is either unconnected or has no load
WARNING: [Synth 8-7129] Port probe_in11[0] in module vio_v3_0_23_vio is either unconnected or has no load
WARNING: [Synth 8-7129] Port probe_in12[0] in module vio_v3_0_23_vio is either unconnected or has no load
WARNING: [Synth 8-7129] Port probe_in13[0] in module vio_v3_0_23_vio is either unconnected or has no load
WARNING: [Synth 8-7129] Port probe_in14[0] in module vio_v3_0_23_vio is either unconnected or has no load
WARNING: [Synth 8-7129] Port probe_in15[0] in module vio_v3_0_23_vio is either unconnected or has no load
WARNING: [Synth 8-7129] Port probe_in16[0] in module vio_v3_0_23_vio is either unconnected or has no load
WARNING: [Synth 8-7129] Port probe_in17[0] in module vio_v3_0_23_vio is either unconnected or has no load
WARNING: [Synth 8-7129] Port probe_in18[0] in module vio_v3_0_23_vio is either unconnected or has no load
WARNING: [Synth 8-7129] Port probe_in19[0] in module vio_v3_0_23_vio is either unconnected or has no load
WARNING: [Synth 8-7129] Port probe_in20[0] in module vio_v3_0_23_vio is either unconnected or has no load
WARNING: [Synth 8-7129] Port probe_in21[0] in module vio_v3_0_23_vio is either unconnected or has no load
WARNING: [Synth 8-7129] Port probe_in22[0] in module vio_v3_0_23_vio is either unconnected or has no load
WARNING: [Synth 8-7129] Port probe_in23[0] in module vio_v3_0_23_vio is either unconnected or has no load
WARNING: [Synth 8-7129] Port probe_in24[0] in module vio_v3_0_23_vio is either unconnected or has no load
WARNING: [Synth 8-7129] Port probe_in25[0] in module vio_v3_0_23_vio is either unconnected or has no load
WARNING: [Synth 8-7129] Port probe_in26[0] in module vio_v3_0_23_vio is either unconnected or has no load
WARNING: [Synth 8-7129] Port probe_in27[0] in module vio_v3_0_23_vio is either unconnected or has no load
WARNING: [Synth 8-7129] Port probe_in28[0] in module vio_v3_0_23_vio is either unconnected or has no load
WARNING: [Synth 8-7129] Port probe_in29[0] in module vio_v3_0_23_vio is either unconnected or has no load
WARNING: [Synth 8-7129] Port probe_in30[0] in module vio_v3_0_23_vio is either unconnected or has no load
WARNING: [Synth 8-7129] Port probe_in31[0] in module vio_v3_0_23_vio is either unconnected or has no load
WARNING: [Synth 8-7129] Port probe_in32[0] in module vio_v3_0_23_vio is either unconnected or has no load
WARNING: [Synth 8-7129] Port probe_in33[0] in module vio_v3_0_23_vio is either unconnected or has no load
WARNING: [Synth 8-7129] Port probe_in34[0] in module vio_v3_0_23_vio is either unconnected or has no load
WARNING: [Synth 8-7129] Port probe_in35[0] in module vio_v3_0_23_vio is either unconnected or has no load
WARNING: [Synth 8-7129] Port probe_in36[0] in module vio_v3_0_23_vio is either unconnected or has no load
WARNING: [Synth 8-7129] Port probe_in37[0] in module vio_v3_0_23_vio is either unconnected or has no load
WARNING: [Synth 8-7129] Port probe_in38[0] in module vio_v3_0_23_vio is either unconnected or has no load
WARNING: [Synth 8-7129] Port probe_in39[0] in module vio_v3_0_23_vio is either unconnected or has no load
WARNING: [Synth 8-7129] Port probe_in40[0] in module vio_v3_0_23_vio is either unconnected or has no load
WARNING: [Synth 8-7129] Port probe_in41[0] in module vio_v3_0_23_vio is either unconnected or has no load
WARNING: [Synth 8-7129] Port probe_in42[0] in module vio_v3_0_23_vio is either unconnected or has no load
WARNING: [Synth 8-7129] Port probe_in43[0] in module vio_v3_0_23_vio is either unconnected or has no load
WARNING: [Synth 8-7129] Port probe_in44[0] in module vio_v3_0_23_vio is either unconnected or has no load
WARNING: [Synth 8-7129] Port probe_in45[0] in module vio_v3_0_23_vio is either unconnected or has no load
WARNING: [Synth 8-7129] Port probe_in46[0] in module vio_v3_0_23_vio is either unconnected or has no load
WARNING: [Synth 8-7129] Port probe_in47[0] in module vio_v3_0_23_vio is either unconnected or has no load
WARNING: [Synth 8-7129] Port probe_in48[0] in module vio_v3_0_23_vio is either unconnected or has no load
WARNING: [Synth 8-7129] Port probe_in49[0] in module vio_v3_0_23_vio is either unconnected or has no load
WARNING: [Synth 8-7129] Port probe_in50[0] in module vio_v3_0_23_vio is either unconnected or has no load
WARNING: [Synth 8-7129] Port probe_in51[0] in module vio_v3_0_23_vio is either unconnected or has no load
WARNING: [Synth 8-7129] Port probe_in52[0] in module vio_v3_0_23_vio is either unconnected or has no load
WARNING: [Synth 8-7129] Port probe_in53[0] in module vio_v3_0_23_vio is either unconnected or has no load
WARNING: [Synth 8-7129] Port probe_in54[0] in module vio_v3_0_23_vio is either unconnected or has no load
WARNING: [Synth 8-7129] Port probe_in55[0] in module vio_v3_0_23_vio is either unconnected or has no load
WARNING: [Synth 8-7129] Port probe_in56[0] in module vio_v3_0_23_vio is either unconnected or has no load
WARNING: [Synth 8-7129] Port probe_in57[0] in module vio_v3_0_23_vio is either unconnected or has no load
WARNING: [Synth 8-7129] Port probe_in58[0] in module vio_v3_0_23_vio is either unconnected or has no load
WARNING: [Synth 8-7129] Port probe_in59[0] in module vio_v3_0_23_vio is either unconnected or has no load
WARNING: [Synth 8-7129] Port probe_in60[0] in module vio_v3_0_23_vio is either unconnected or has no load
WARNING: [Synth 8-7129] Port probe_in61[0] in module vio_v3_0_23_vio is either unconnected or has no load
WARNING: [Synth 8-7129] Port probe_in62[0] in module vio_v3_0_23_vio is either unconnected or has no load
WARNING: [Synth 8-7129] Port probe_in63[0] in module vio_v3_0_23_vio is either unconnected or has no load
WARNING: [Synth 8-7129] Port probe_in64[0] in module vio_v3_0_23_vio is either unconnected or has no load
INFO: [Common 17-14] Message 'Synth 8-7129' appears 100 times and further instances of the messages will be disabled. Use the Tcl command set_msg_config to change the current settings.
---------------------------------------------------------------------------------
Finished RTL Elaboration : Time (s): cpu = 00:00:03 ; elapsed = 00:00:03 . Memory (MB): peak = 2565.973 ; gain = 451.707 ; free physical = 13195 ; free virtual = 32906
Synthesis current peak Physical Memory [PSS] (MB): peak = 1886.621; parent = 1686.533; children = 200.088
Synthesis current peak Virtual Memory [VSS] (MB): peak = 3547.090; parent = 2565.977; children = 981.113
---------------------------------------------------------------------------------
---------------------------------------------------------------------------------
Start Handling Custom Attributes
---------------------------------------------------------------------------------
---------------------------------------------------------------------------------
Finished Handling Custom Attributes : Time (s): cpu = 00:00:03 ; elapsed = 00:00:03 . Memory (MB): peak = 2583.785 ; gain = 469.520 ; free physical = 13195 ; free virtual = 32906
Synthesis current peak Physical Memory [PSS] (MB): peak = 1886.621; parent = 1686.533; children = 200.088
Synthesis current peak Virtual Memory [VSS] (MB): peak = 3564.902; parent = 2583.789; children = 981.113
---------------------------------------------------------------------------------
---------------------------------------------------------------------------------
Finished RTL Optimization Phase 1 : Time (s): cpu = 00:00:03 ; elapsed = 00:00:03 . Memory (MB): peak = 2583.785 ; gain = 469.520 ; free physical = 13195 ; free virtual = 32906
Synthesis current peak Physical Memory [PSS] (MB): peak = 1886.621; parent = 1686.533; children = 200.088
Synthesis current peak Virtual Memory [VSS] (MB): peak = 3564.902; parent = 2583.789; children = 981.113
---------------------------------------------------------------------------------
Netlist sorting complete. Time (s): cpu = 00:00:00 ; elapsed = 00:00:00.01 . Memory (MB): peak = 2583.785 ; gain = 0.000 ; free physical = 13195 ; free virtual = 32906
INFO: [Project 1-570] Preparing netlist for logic optimization

Processing XDC Constraints
Initializing timing engine
Parsing XDC File [/home/shc/projects/chs-nv/cheshire_nv_built/target/xilinx/build/genesys2.vio/vio.gen/sources_1/ip/vio/vio_ooc.xdc]
Finished Parsing XDC File [/home/shc/projects/chs-nv/cheshire_nv_built/target/xilinx/build/genesys2.vio/vio.gen/sources_1/ip/vio/vio_ooc.xdc]
Parsing XDC File [/home/shc/projects/chs-nv/cheshire_nv_built/target/xilinx/build/genesys2.vio/vio.gen/sources_1/ip/vio/vio.xdc]
Finished Parsing XDC File [/home/shc/projects/chs-nv/cheshire_nv_built/target/xilinx/build/genesys2.vio/vio.gen/sources_1/ip/vio/vio.xdc]
Completed Processing XDC Constraints

Netlist sorting complete. Time (s): cpu = 00:00:00 ; elapsed = 00:00:00 . Memory (MB): peak = 2739.535 ; gain = 0.000 ; free physical = 13134 ; free virtual = 32845
INFO: [Project 1-111] Unisim Transformation Summary:
No Unisim elements were transformed.

Constraint Validation Runtime : Time (s): cpu = 00:00:00.01 ; elapsed = 00:00:00.01 . Memory (MB): peak = 2739.535 ; gain = 0.000 ; free physical = 13134 ; free virtual = 32845
INFO: [Designutils 20-5008] Incremental synthesis strategy off
INFO: [Synth 8-11241] undeclared symbol 'REGCCE', assumed default net type 'wire' [/tools/Xilinx/Vivado/2022.2/data/verilog/src/unimacro/BRAM_SINGLE_MACRO.v:2170]
---------------------------------------------------------------------------------
Finished Constraint Validation : Time (s): cpu = 00:00:06 ; elapsed = 00:00:07 . Memory (MB): peak = 2739.535 ; gain = 625.270 ; free physical = 13146 ; free virtual = 32867
Synthesis current peak Physical Memory [PSS] (MB): peak = 1886.621; parent = 1686.533; children = 200.088
Synthesis current peak Virtual Memory [VSS] (MB): peak = 3688.637; parent = 2707.523; children = 981.113
---------------------------------------------------------------------------------
---------------------------------------------------------------------------------
Start Loading Part and Timing Information
---------------------------------------------------------------------------------
Loading part: xc7k325tffg900-2
---------------------------------------------------------------------------------
Finished Loading Part and Timing Information : Time (s): cpu = 00:00:06 ; elapsed = 00:00:07 . Memory (MB): peak = 2739.535 ; gain = 625.270 ; free physical = 13146 ; free virtual = 32867
Synthesis current peak Physical Memory [PSS] (MB): peak = 1886.621; parent = 1686.533; children = 200.088
Synthesis current peak Virtual Memory [VSS] (MB): peak = 3688.637; parent = 2707.523; children = 981.113
---------------------------------------------------------------------------------
---------------------------------------------------------------------------------
Start Applying 'set_property' XDC Constraints
---------------------------------------------------------------------------------
---------------------------------------------------------------------------------
Finished applying 'set_property' XDC Constraints : Time (s): cpu = 00:00:07 ; elapsed = 00:00:07 . Memory (MB): peak = 2739.535 ; gain = 625.270 ; free physical = 13146 ; free virtual = 32867
Synthesis current peak Physical Memory [PSS] (MB): peak = 1886.621; parent = 1686.533; children = 200.088
Synthesis current peak Virtual Memory [VSS] (MB): peak = 3688.637; parent = 2707.523; children = 981.113
---------------------------------------------------------------------------------
---------------------------------------------------------------------------------
Finished RTL Optimization Phase 2 : Time (s): cpu = 00:00:07 ; elapsed = 00:00:07 . Memory (MB): peak = 2739.535 ; gain = 625.270 ; free physical = 13146 ; free virtual = 32866
Synthesis current peak Physical Memory [PSS] (MB): peak = 1886.621; parent = 1686.533; children = 200.088
Synthesis current peak Virtual Memory [VSS] (MB): peak = 3688.637; parent = 2707.523; children = 981.113
---------------------------------------------------------------------------------
---------------------------------------------------------------------------------
Start RTL Component Statistics 
---------------------------------------------------------------------------------
Detailed RTL Component Info : 
+---Adders : 
	   2 Input    1 Bit       Adders := 1     
+---Registers : 
	              128 Bit    Registers := 1     
	               16 Bit    Registers := 10    
	                7 Bit    Registers := 1     
	                5 Bit    Registers := 1     
	                3 Bit    Registers := 2     
	                2 Bit    Registers := 2     
	                1 Bit    Registers := 18    
+---Muxes : 
	   3 Input   16 Bit        Muxes := 1     
	   2 Input   16 Bit        Muxes := 2     
	   2 Input    1 Bit        Muxes := 9     
---------------------------------------------------------------------------------
Finished RTL Component Statistics 
---------------------------------------------------------------------------------
---------------------------------------------------------------------------------
Start Part Resource Summary
---------------------------------------------------------------------------------
Part Resources:
DSPs: 840 (col length:140)
BRAMs: 890 (col length: RAMB18 140 RAMB36 70)
---------------------------------------------------------------------------------
Finished Part Resource Summary
---------------------------------------------------------------------------------
---------------------------------------------------------------------------------
Start Cross Boundary and Area Optimization
---------------------------------------------------------------------------------
WARNING: [Synth 8-7080] Parallel synthesis criteria is not met
---------------------------------------------------------------------------------
Finished Cross Boundary and Area Optimization : Time (s): cpu = 00:00:08 ; elapsed = 00:00:08 . Memory (MB): peak = 2739.535 ; gain = 625.270 ; free physical = 13210 ; free virtual = 32934
Synthesis current peak Physical Memory [PSS] (MB): peak = 1886.621; parent = 1686.533; children = 200.088
Synthesis current peak Virtual Memory [VSS] (MB): peak = 3688.637; parent = 2707.523; children = 981.113
---------------------------------------------------------------------------------
---------------------------------------------------------------------------------
Start Applying XDC Timing Constraints
---------------------------------------------------------------------------------
---------------------------------------------------------------------------------
Finished Applying XDC Timing Constraints : Time (s): cpu = 00:00:10 ; elapsed = 00:00:11 . Memory (MB): peak = 2739.535 ; gain = 625.270 ; free physical = 13223 ; free virtual = 32947
Synthesis current peak Physical Memory [PSS] (MB): peak = 1989.958; parent = 1789.933; children = 200.088
Synthesis current peak Virtual Memory [VSS] (MB): peak = 3688.637; parent = 2707.523; children = 981.113
---------------------------------------------------------------------------------
---------------------------------------------------------------------------------
Start Timing Optimization
---------------------------------------------------------------------------------
---------------------------------------------------------------------------------
Finished Timing Optimization : Time (s): cpu = 00:00:10 ; elapsed = 00:00:11 . Memory (MB): peak = 2739.535 ; gain = 625.270 ; free physical = 13223 ; free virtual = 32947
Synthesis current peak Physical Memory [PSS] (MB): peak = 1990.134; parent = 1790.108; children = 200.088
Synthesis current peak Virtual Memory [VSS] (MB): peak = 3688.637; parent = 2707.523; children = 981.113
---------------------------------------------------------------------------------
---------------------------------------------------------------------------------
Start Technology Mapping
---------------------------------------------------------------------------------
---------------------------------------------------------------------------------
Finished Technology Mapping : Time (s): cpu = 00:00:10 ; elapsed = 00:00:11 . Memory (MB): peak = 2739.535 ; gain = 625.270 ; free physical = 13221 ; free virtual = 32945
Synthesis current peak Physical Memory [PSS] (MB): peak = 1991.220; parent = 1791.194; children = 200.088
Synthesis current peak Virtual Memory [VSS] (MB): peak = 3688.637; parent = 2707.523; children = 981.113
---------------------------------------------------------------------------------
---------------------------------------------------------------------------------
Start IO Insertion
---------------------------------------------------------------------------------
---------------------------------------------------------------------------------
Start Flattening Before IO Insertion
---------------------------------------------------------------------------------
---------------------------------------------------------------------------------
Finished Flattening Before IO Insertion
---------------------------------------------------------------------------------
---------------------------------------------------------------------------------
Start Final Netlist Cleanup
---------------------------------------------------------------------------------
---------------------------------------------------------------------------------
Finished Final Netlist Cleanup
---------------------------------------------------------------------------------
WARNING: [Synth 8-3295] tying undriven pin inst:sl_iport0[36] to constant 0
WARNING: [Synth 8-3295] tying undriven pin inst:sl_iport0[35] to constant 0
WARNING: [Synth 8-3295] tying undriven pin inst:sl_iport0[34] to constant 0
WARNING: [Synth 8-3295] tying undriven pin inst:sl_iport0[33] to constant 0
WARNING: [Synth 8-3295] tying undriven pin inst:sl_iport0[32] to constant 0
WARNING: [Synth 8-3295] tying undriven pin inst:sl_iport0[31] to constant 0
WARNING: [Synth 8-3295] tying undriven pin inst:sl_iport0[30] to constant 0
WARNING: [Synth 8-3295] tying undriven pin inst:sl_iport0[29] to constant 0
WARNING: [Synth 8-3295] tying undriven pin inst:sl_iport0[28] to constant 0
WARNING: [Synth 8-3295] tying undriven pin inst:sl_iport0[27] to constant 0
WARNING: [Synth 8-3295] tying undriven pin inst:sl_iport0[26] to constant 0
WARNING: [Synth 8-3295] tying undriven pin inst:sl_iport0[25] to constant 0
WARNING: [Synth 8-3295] tying undriven pin inst:sl_iport0[24] to constant 0
WARNING: [Synth 8-3295] tying undriven pin inst:sl_iport0[23] to constant 0
WARNING: [Synth 8-3295] tying undriven pin inst:sl_iport0[22] to constant 0
WARNING: [Synth 8-3295] tying undriven pin inst:sl_iport0[21] to constant 0
WARNING: [Synth 8-3295] tying undriven pin inst:sl_iport0[20] to constant 0
WARNING: [Synth 8-3295] tying undriven pin inst:sl_iport0[19] to constant 0
WARNING: [Synth 8-3295] tying undriven pin inst:sl_iport0[18] to constant 0
WARNING: [Synth 8-3295] tying undriven pin inst:sl_iport0[17] to constant 0
WARNING: [Synth 8-3295] tying undriven pin inst:sl_iport0[16] to constant 0
WARNING: [Synth 8-3295] tying undriven pin inst:sl_iport0[15] to constant 0
WARNING: [Synth 8-3295] tying undriven pin inst:sl_iport0[14] to constant 0
WARNING: [Synth 8-3295] tying undriven pin inst:sl_iport0[13] to constant 0
WARNING: [Synth 8-3295] tying undriven pin inst:sl_iport0[12] to constant 0
WARNING: [Synth 8-3295] tying undriven pin inst:sl_iport0[11] to constant 0
WARNING: [Synth 8-3295] tying undriven pin inst:sl_iport0[10] to constant 0
WARNING: [Synth 8-3295] tying undriven pin inst:sl_iport0[9] to constant 0
WARNING: [Synth 8-3295] tying undriven pin inst:sl_iport0[8] to constant 0
WARNING: [Synth 8-3295] tying undriven pin inst:sl_iport0[7] to constant 0
WARNING: [Synth 8-3295] tying undriven pin inst:sl_iport0[6] to constant 0
WARNING: [Synth 8-3295] tying undriven pin inst:sl_iport0[5] to constant 0
WARNING: [Synth 8-3295] tying undriven pin inst:sl_iport0[4] to constant 0
WARNING: [Synth 8-3295] tying undriven pin inst:sl_iport0[3] to constant 0
WARNING: [Synth 8-3295] tying undriven pin inst:sl_iport0[2] to constant 0
WARNING: [Synth 8-3295] tying undriven pin inst:sl_iport0[1] to constant 0
WARNING: [Synth 8-3295] tying undriven pin inst:sl_iport0[0] to constant 0
---------------------------------------------------------------------------------
Finished IO Insertion : Time (s): cpu = 00:00:12 ; elapsed = 00:00:12 . Memory (MB): peak = 2739.535 ; gain = 625.270 ; free physical = 13241 ; free virtual = 32961
Synthesis current peak Physical Memory [PSS] (MB): peak = 1991.477; parent = 1791.456; children = 200.088
Synthesis current peak Virtual Memory [VSS] (MB): peak = 3688.637; parent = 2707.523; children = 981.113
---------------------------------------------------------------------------------
---------------------------------------------------------------------------------
Start Renaming Generated Instances
---------------------------------------------------------------------------------
---------------------------------------------------------------------------------
Finished Renaming Generated Instances : Time (s): cpu = 00:00:12 ; elapsed = 00:00:12 . Memory (MB): peak = 2739.535 ; gain = 625.270 ; free physical = 13241 ; free virtual = 32961
Synthesis current peak Physical Memory [PSS] (MB): peak = 1991.492; parent = 1791.472; children = 200.088
Synthesis current peak Virtual Memory [VSS] (MB): peak = 3688.637; parent = 2707.523; children = 981.113
---------------------------------------------------------------------------------
---------------------------------------------------------------------------------
Start Rebuilding User Hierarchy
---------------------------------------------------------------------------------
---------------------------------------------------------------------------------
Finished Rebuilding User Hierarchy : Time (s): cpu = 00:00:12 ; elapsed = 00:00:12 . Memory (MB): peak = 2739.535 ; gain = 625.270 ; free physical = 13241 ; free virtual = 32961
Synthesis current peak Physical Memory [PSS] (MB): peak = 1991.520; parent = 1791.499; children = 200.088
Synthesis current peak Virtual Memory [VSS] (MB): peak = 3688.637; parent = 2707.523; children = 981.113
---------------------------------------------------------------------------------
---------------------------------------------------------------------------------
Start Renaming Generated Ports
---------------------------------------------------------------------------------
---------------------------------------------------------------------------------
Finished Renaming Generated Ports : Time (s): cpu = 00:00:12 ; elapsed = 00:00:13 . Memory (MB): peak = 2739.535 ; gain = 625.270 ; free physical = 13241 ; free virtual = 32961
Synthesis current peak Physical Memory [PSS] (MB): peak = 1991.582; parent = 1791.562; children = 200.088
Synthesis current peak Virtual Memory [VSS] (MB): peak = 3688.637; parent = 2707.523; children = 981.113
---------------------------------------------------------------------------------
---------------------------------------------------------------------------------
Start Handling Custom Attributes
---------------------------------------------------------------------------------
---------------------------------------------------------------------------------
Finished Handling Custom Attributes : Time (s): cpu = 00:00:12 ; elapsed = 00:00:13 . Memory (MB): peak = 2739.535 ; gain = 625.270 ; free physical = 13241 ; free virtual = 32961
Synthesis current peak Physical Memory [PSS] (MB): peak = 1991.582; parent = 1791.562; children = 200.088
Synthesis current peak Virtual Memory [VSS] (MB): peak = 3688.637; parent = 2707.523; children = 981.113
---------------------------------------------------------------------------------
---------------------------------------------------------------------------------
Start Renaming Generated Nets
---------------------------------------------------------------------------------
---------------------------------------------------------------------------------
Finished Renaming Generated Nets : Time (s): cpu = 00:00:12 ; elapsed = 00:00:13 . Memory (MB): peak = 2739.535 ; gain = 625.270 ; free physical = 13241 ; free virtual = 32961
Synthesis current peak Physical Memory [PSS] (MB): peak = 1991.586; parent = 1791.565; children = 200.088
Synthesis current peak Virtual Memory [VSS] (MB): peak = 3688.637; parent = 2707.523; children = 981.113
---------------------------------------------------------------------------------
---------------------------------------------------------------------------------
Start Writing Synthesis Report
---------------------------------------------------------------------------------

Report BlackBoxes: 
+-+--------------+----------+
| |BlackBox name |Instances |
+-+--------------+----------+
+-+--------------+----------+

Report Cell Usage: 
+------+-----+------+
|      |Cell |Count |
+------+-----+------+
|1     |LUT1 |     1|
|2     |LUT2 |     4|
|3     |LUT3 |    29|
|4     |LUT4 |    22|
|5     |LUT5 |    15|
|6     |LUT6 |    59|
|7     |FDRE |   243|
+------+-----+------+
---------------------------------------------------------------------------------
Finished Writing Synthesis Report : Time (s): cpu = 00:00:12 ; elapsed = 00:00:13 . Memory (MB): peak = 2739.535 ; gain = 625.270 ; free physical = 13241 ; free virtual = 32961
Synthesis current peak Physical Memory [PSS] (MB): peak = 1991.633; parent = 1791.612; children = 200.088
Synthesis current peak Virtual Memory [VSS] (MB): peak = 3688.637; parent = 2707.523; children = 981.113
---------------------------------------------------------------------------------
Synthesis finished with 0 errors, 0 critical warnings and 294 warnings.
Synthesis Optimization Runtime : Time (s): cpu = 00:00:10 ; elapsed = 00:00:11 . Memory (MB): peak = 2739.535 ; gain = 469.520 ; free physical = 13269 ; free virtual = 32988
Synthesis Optimization Complete : Time (s): cpu = 00:00:12 ; elapsed = 00:00:13 . Memory (MB): peak = 2739.535 ; gain = 625.270 ; free physical = 13269 ; free virtual = 32989
INFO: [Project 1-571] Translating synthesized netlist
Netlist sorting complete. Time (s): cpu = 00:00:00 ; elapsed = 00:00:00 . Memory (MB): peak = 2739.535 ; gain = 0.000 ; free physical = 13342 ; free virtual = 33061
INFO: [Project 1-570] Preparing netlist for logic optimization
INFO: [Opt 31-138] Pushed 0 inverter(s) to 0 load pin(s).
Netlist sorting complete. Time (s): cpu = 00:00:00 ; elapsed = 00:00:00 . Memory (MB): peak = 2739.535 ; gain = 0.000 ; free physical = 13362 ; free virtual = 33081
INFO: [Project 1-111] Unisim Transformation Summary:
No Unisim elements were transformed.

Synth Design complete, checksum: 6cd0566a
INFO: [Common 17-83] Releasing license: Synthesis
20 Infos, 140 Warnings, 0 Critical Warnings and 0 Errors encountered.
synth_design completed successfully
synth_design: Time (s): cpu = 00:00:16 ; elapsed = 00:00:15 . Memory (MB): peak = 2739.535 ; gain = 991.133 ; free physical = 13536 ; free virtual = 33255
INFO: [Common 17-1381] The checkpoint '/home/shc/projects/chs-nv/cheshire_nv_built/target/xilinx/build/genesys2.vio/vio.runs/vio_synth_1/vio.dcp' has been generated.
INFO: [Coretcl 2-1648] Added synthesis output to IP cache for IP vio, cache-ID = ceda9c3582d8002d
INFO: [Common 17-1381] The checkpoint '/home/shc/projects/chs-nv/cheshire_nv_built/target/xilinx/build/genesys2.vio/vio.runs/vio_synth_1/vio.dcp' has been generated.
INFO: [runtcl-4] Executing : report_utilization -file vio_utilization_synth.rpt -pb vio_utilization_synth.pb
INFO: [Common 17-206] Exiting Vivado at Fri Feb 27 13:32:22 2026...
[Fri Feb 27 13:32:26 2026] vio_synth_1 finished
wait_on_runs: Time (s): cpu = 00:00:24 ; elapsed = 00:00:27 . Memory (MB): peak = 1813.852 ; gain = 0.000 ; free physical = 14995 ; free virtual = 34709
# file delete -force ${project_root}/out.xci
INFO: [Common 17-206] Exiting Vivado at Fri Feb 27 13:32:26 2026...
