Copyright 1986-2022 Xilinx, Inc. All Rights Reserved.
-------------------------------------------------------------------------------------------------------------------------------------------------------------------------------
| Tool Version     : Vivado v.2022.2 (lin64) Build 3671981 Fri Oct 14 04:59:54 MDT 2022
| Date             : Fri Feb 27 14:08:59 2026
| Host             : karpuz running 64-bit Ubuntu 22.04.5 LTS
| Command          : report_power -file cheshire_top_xilinx_power_routed.rpt -pb cheshire_top_xilinx_power_summary_routed.pb -rpx cheshire_top_xilinx_power_routed.rpx
| Design           : cheshire_top_xilinx
| Device           : xc7k325tffg900-2
| Design State     : routed
| Grade            : commercial
| Process          : typical
| Characterization : Production
-------------------------------------------------------------------------------------------------------------------------------------------------------------------------------

Power Report

Table of Contents
-----------------
1. Summary
1.1 On-Chip Components
1.2 Power Supply Summary
1.3 Confidence Level
2. Settings
2.1 Environment
2.2 Clock Constraints
3. Detailed Reports
3.1 By Hierarchy

1. Summary
----------

+--------------------------+--------------+
| Total On-Chip Power (W)  | 2.275        |
| Design Power Budget (W)  | Unspecified* |
| Power Budget Margin (W)  | NA           |
| Dynamic (W)              | 2.090        |
| Device Static (W)        | 0.185        |
| Effective TJA (C/W)      | 1.8          |
| Max Ambient (C)          | 81.0         |
| Junction Temperature (C) | 29.0         |
| Confidence Level         | Low          |
| Setting File             | ---          |
| Simulation Activity File | ---          |
| Design Nets Matched      | NA           |
+--------------------------+--------------+
* Specify Design Power Budget using, set_operating_conditions -design_power_budget <value in Watts>


1.1 On-Chip Components
----------------------

+--------------------------+-----------+----------+-----------+-----------------+
| On-Chip                  | Power (W) | Used     | Available | Utilization (%) |
+--------------------------+-----------+----------+-----------+-----------------+
| Clocks                   |     0.230 |       39 |       --- |             --- |
| Slice Logic              |     0.112 |   392840 |       --- |             --- |
|   LUT as Logic           |     0.103 |   170746 |    203800 |           83.78 |
|   CARRY4                 |     0.005 |     6694 |     50950 |           13.14 |
|   Register               |     0.002 |   163741 |    407600 |           40.17 |
|   F7/F8 Muxes            |     0.001 |    12924 |    203800 |            6.34 |
|   LUT as Distributed RAM |    <0.001 |      852 |     64000 |            1.33 |
|   LUT as Shift Register  |    <0.001 |      350 |     64000 |            0.55 |
|   Others                 |    <0.001 |     3803 |       --- |             --- |
|   BUFG                   |     0.000 |        2 |        32 |            6.25 |
| Signals                  |     0.153 |   304330 |       --- |             --- |
| Block RAM                |     0.068 |    169.5 |       445 |           38.09 |
| MMCM                     |     0.332 |        3 |        10 |           30.00 |
| PLL                      |     0.133 |        1 |        10 |           10.00 |
| DSPs                     |     0.004 |       60 |       840 |            7.14 |
| I/O                      |     0.599 |       81 |       500 |           16.20 |
| PHASER                   |     0.456 |       28 |       --- |             --- |
| XADC                     |     0.004 |        1 |       --- |             --- |
| Static Power             |     0.185 |          |           |                 |
| Total                    |     2.275 |          |           |                 |
+--------------------------+-----------+----------+-----------+-----------------+


1.2 Power Supply Summary
------------------------

+-----------+-------------+-----------+-------------+------------+-------------+-------------+------------+
| Source    | Voltage (V) | Total (A) | Dynamic (A) | Static (A) | Powerup (A) | Budget (A)  | Margin (A) |
+-----------+-------------+-----------+-------------+------------+-------------+-------------+------------+
| Vccint    |       1.000 |     0.789 |       0.704 |      0.085 |       NA    | Unspecified | NA         |
| Vccaux    |       1.800 |     0.483 |       0.455 |      0.029 |       NA    | Unspecified | NA         |
| Vcco33    |       3.300 |     0.001 |       0.000 |      0.001 |       NA    | Unspecified | NA         |
| Vcco25    |       2.500 |     0.000 |       0.000 |      0.000 |       NA    | Unspecified | NA         |
| Vcco18    |       1.800 |     0.000 |       0.000 |      0.000 |       NA    | Unspecified | NA         |
| Vcco15    |       1.500 |     0.229 |       0.228 |      0.001 |       NA    | Unspecified | NA         |
| Vcco135   |       1.350 |     0.000 |       0.000 |      0.000 |       NA    | Unspecified | NA         |
| Vcco12    |       1.200 |     0.000 |       0.000 |      0.000 |       NA    | Unspecified | NA         |
| Vccaux_io |       2.000 |     0.109 |       0.109 |      0.000 |       NA    | Unspecified | NA         |
| Vccbram   |       1.000 |     0.013 |       0.005 |      0.008 |       NA    | Unspecified | NA         |
| MGTAVcc   |       1.000 |     0.000 |       0.000 |      0.000 |       NA    | Unspecified | NA         |
| MGTAVtt   |       1.200 |     0.000 |       0.000 |      0.000 |       NA    | Unspecified | NA         |
| MGTVccaux |       1.800 |     0.000 |       0.000 |      0.000 |       NA    | Unspecified | NA         |
| Vccadc    |       1.800 |     0.022 |       0.002 |      0.020 |       NA    | Unspecified | NA         |
+-----------+-------------+-----------+-------------+------------+-------------+-------------+------------+


1.3 Confidence Level
--------------------

+-----------------------------+------------+--------------------------------------------------------+------------------------------------------------------------------------------------------------------------+
| User Input Data             | Confidence | Details                                                | Action                                                                                                     |
+-----------------------------+------------+--------------------------------------------------------+------------------------------------------------------------------------------------------------------------+
| Design implementation state | High       | Design is routed                                       |                                                                                                            |
| Clock nodes activity        | High       | User specified more than 95% of clocks                 |                                                                                                            |
| I/O nodes activity          | Low        | More than 75% of inputs are missing user specification | Provide missing input activity with simulation results or by editing the "By Resource Type -> I/Os" view   |
| Internal nodes activity     | Medium     | User specified less than 25% of internal nodes         | Provide missing internal nodes activity with simulation results or by editing the "By Resource Type" views |
| Device models               | High       | Device models are Production                           |                                                                                                            |
|                             |            |                                                        |                                                                                                            |
| Overall confidence level    | Low        |                                                        |                                                                                                            |
+-----------------------------+------------+--------------------------------------------------------+------------------------------------------------------------------------------------------------------------+


2. Settings
-----------

2.1 Environment
---------------

+-----------------------+--------------------------+
| Ambient Temp (C)      | 25.0                     |
| ThetaJA (C/W)         | 1.8                      |
| Airflow (LFM)         | 250                      |
| Heat Sink             | medium (Medium Profile)  |
| ThetaSA (C/W)         | 3.3                      |
| Board Selection       | medium (10"x10")         |
| # of Board Layers     | 12to15 (12 to 15 Layers) |
| Board Temperature (C) | 25.0                     |
+-----------------------+--------------------------+


2.2 Clock Constraints
---------------------

+-----------------------------------------------------------------------------------------------------------------------------------------------------------+-----------------------------------------------------------------------------------------------------------------------------------------------------------------------------------------------------------+-----------------+
| Clock                                                                                                                                                     | Domain                                                                                                                                                                                                    | Constraint (ns) |
+-----------------------------------------------------------------------------------------------------------------------------------------------------------+-----------------------------------------------------------------------------------------------------------------------------------------------------------------------------------------------------------+-----------------+
| clk_50_clkwiz                                                                                                                                             | i_clkwiz/inst/clk_50_clkwiz                                                                                                                                                                               |            20.0 |
| clk_jtag                                                                                                                                                  | jtag_tck_i                                                                                                                                                                                                |           100.0 |
| clk_pll_i                                                                                                                                                 | i_dram_wrapper/i_dram/u_mig7s_mig/u_ddr3_infrastructure/clk_pll_i                                                                                                                                         |             5.0 |
| clk_ref_mmcm_400                                                                                                                                          | i_dram_wrapper/i_dram/u_mig7s_mig/u_iodelay_ctrl/clk_ref_mmcm_400                                                                                                                                         |             2.5 |
| clkfbout_clkwiz                                                                                                                                           | i_clkwiz/inst/clkfbout_clkwiz                                                                                                                                                                             |             5.0 |
| freq_refclk                                                                                                                                               | i_dram_wrapper/i_dram/u_mig7s_mig/u_ddr3_infrastructure/freq_refclk                                                                                                                                       |             1.3 |
| iserdes_clkdiv                                                                                                                                            | i_dram_wrapper/i_dram/u_mig7s_mig/u_memc_ui_top_axi/mem_intfc0/ddr_phy_top0/u_ddr_mc_phy_wrapper/u_ddr_mc_phy/ddr_phy_4lanes_0.u_ddr_phy_4lanes/ddr_byte_lane_A.ddr_byte_lane_A/iserdes_clkdiv            |             2.5 |
| iserdes_clkdiv_1                                                                                                                                          | i_dram_wrapper/i_dram/u_mig7s_mig/u_memc_ui_top_axi/mem_intfc0/ddr_phy_top0/u_ddr_mc_phy_wrapper/u_ddr_mc_phy/ddr_phy_4lanes_0.u_ddr_phy_4lanes/ddr_byte_lane_B.ddr_byte_lane_B/iserdes_clkdiv            |             2.5 |
| iserdes_clkdiv_2                                                                                                                                          | i_dram_wrapper/i_dram/u_mig7s_mig/u_memc_ui_top_axi/mem_intfc0/ddr_phy_top0/u_ddr_mc_phy_wrapper/u_ddr_mc_phy/ddr_phy_4lanes_0.u_ddr_phy_4lanes/ddr_byte_lane_C.ddr_byte_lane_C/iserdes_clkdiv            |             2.5 |
| iserdes_clkdiv_3                                                                                                                                          | i_dram_wrapper/i_dram/u_mig7s_mig/u_memc_ui_top_axi/mem_intfc0/ddr_phy_top0/u_ddr_mc_phy_wrapper/u_ddr_mc_phy/ddr_phy_4lanes_0.u_ddr_phy_4lanes/ddr_byte_lane_D.ddr_byte_lane_D/iserdes_clkdiv            |             2.5 |
| mem_refclk                                                                                                                                                | i_dram_wrapper/i_dram/u_mig7s_mig/u_ddr3_infrastructure/mem_refclk                                                                                                                                        |             1.2 |
| mmcm_clkfbout                                                                                                                                             | i_dram_wrapper/i_dram/u_mig7s_mig/u_iodelay_ctrl/mmcm_clkfbout                                                                                                                                            |             5.0 |
| mmcm_ps_clk_bufg_in                                                                                                                                       | i_dram_wrapper/i_dram/u_mig7s_mig/u_ddr3_infrastructure/mmcm_ps_clk_bufg_in                                                                                                                               |            10.0 |
| oserdes_clk                                                                                                                                               | i_dram_wrapper/i_dram/u_mig7s_mig/u_memc_ui_top_axi/mem_intfc0/ddr_phy_top0/u_ddr_mc_phy_wrapper/u_ddr_mc_phy/ddr_phy_4lanes_0.u_ddr_phy_4lanes/ddr_byte_lane_A.ddr_byte_lane_A/oserdes_clk               |             1.2 |
| oserdes_clk_1                                                                                                                                             | i_dram_wrapper/i_dram/u_mig7s_mig/u_memc_ui_top_axi/mem_intfc0/ddr_phy_top0/u_ddr_mc_phy_wrapper/u_ddr_mc_phy/ddr_phy_4lanes_0.u_ddr_phy_4lanes/ddr_byte_lane_B.ddr_byte_lane_B/oserdes_clk               |             1.2 |
| oserdes_clk_2                                                                                                                                             | i_dram_wrapper/i_dram/u_mig7s_mig/u_memc_ui_top_axi/mem_intfc0/ddr_phy_top0/u_ddr_mc_phy_wrapper/u_ddr_mc_phy/ddr_phy_4lanes_0.u_ddr_phy_4lanes/ddr_byte_lane_C.ddr_byte_lane_C/oserdes_clk               |             1.2 |
| oserdes_clk_3                                                                                                                                             | i_dram_wrapper/i_dram/u_mig7s_mig/u_memc_ui_top_axi/mem_intfc0/ddr_phy_top0/u_ddr_mc_phy_wrapper/u_ddr_mc_phy/ddr_phy_4lanes_0.u_ddr_phy_4lanes/ddr_byte_lane_D.ddr_byte_lane_D/oserdes_clk               |             1.2 |
| oserdes_clk_4                                                                                                                                             | i_dram_wrapper/i_dram/u_mig7s_mig/u_memc_ui_top_axi/mem_intfc0/ddr_phy_top0/u_ddr_mc_phy_wrapper/u_ddr_mc_phy/ddr_phy_4lanes_1.u_ddr_phy_4lanes/ddr_byte_lane_A.ddr_byte_lane_A/oserdes_clk               |             1.2 |
| oserdes_clk_5                                                                                                                                             | i_dram_wrapper/i_dram/u_mig7s_mig/u_memc_ui_top_axi/mem_intfc0/ddr_phy_top0/u_ddr_mc_phy_wrapper/u_ddr_mc_phy/ddr_phy_4lanes_1.u_ddr_phy_4lanes/ddr_byte_lane_B.ddr_byte_lane_B/oserdes_clk               |             1.2 |
| oserdes_clk_6                                                                                                                                             | i_dram_wrapper/i_dram/u_mig7s_mig/u_memc_ui_top_axi/mem_intfc0/ddr_phy_top0/u_ddr_mc_phy_wrapper/u_ddr_mc_phy/ddr_phy_4lanes_1.u_ddr_phy_4lanes/ddr_byte_lane_C.ddr_byte_lane_C/oserdes_clk               |             1.2 |
| oserdes_clk_7                                                                                                                                             | i_dram_wrapper/i_dram/u_mig7s_mig/u_memc_ui_top_axi/mem_intfc0/ddr_phy_top0/u_ddr_mc_phy_wrapper/u_ddr_mc_phy/ddr_phy_4lanes_1.u_ddr_phy_4lanes/ddr_byte_lane_D.ddr_byte_lane_D/oserdes_clk               |             1.2 |
| oserdes_clkdiv                                                                                                                                            | i_dram_wrapper/i_dram/u_mig7s_mig/u_memc_ui_top_axi/mem_intfc0/ddr_phy_top0/u_ddr_mc_phy_wrapper/u_ddr_mc_phy/ddr_phy_4lanes_0.u_ddr_phy_4lanes/ddr_byte_lane_A.ddr_byte_lane_A/oserdes_clkdiv            |             2.5 |
| oserdes_clkdiv_1                                                                                                                                          | i_dram_wrapper/i_dram/u_mig7s_mig/u_memc_ui_top_axi/mem_intfc0/ddr_phy_top0/u_ddr_mc_phy_wrapper/u_ddr_mc_phy/ddr_phy_4lanes_0.u_ddr_phy_4lanes/ddr_byte_lane_B.ddr_byte_lane_B/oserdes_clkdiv            |             2.5 |
| oserdes_clkdiv_2                                                                                                                                          | i_dram_wrapper/i_dram/u_mig7s_mig/u_memc_ui_top_axi/mem_intfc0/ddr_phy_top0/u_ddr_mc_phy_wrapper/u_ddr_mc_phy/ddr_phy_4lanes_0.u_ddr_phy_4lanes/ddr_byte_lane_C.ddr_byte_lane_C/oserdes_clkdiv            |             2.5 |
| oserdes_clkdiv_3                                                                                                                                          | i_dram_wrapper/i_dram/u_mig7s_mig/u_memc_ui_top_axi/mem_intfc0/ddr_phy_top0/u_ddr_mc_phy_wrapper/u_ddr_mc_phy/ddr_phy_4lanes_0.u_ddr_phy_4lanes/ddr_byte_lane_D.ddr_byte_lane_D/oserdes_clkdiv            |             2.5 |
| oserdes_clkdiv_4                                                                                                                                          | i_dram_wrapper/i_dram/u_mig7s_mig/u_memc_ui_top_axi/mem_intfc0/ddr_phy_top0/u_ddr_mc_phy_wrapper/u_ddr_mc_phy/ddr_phy_4lanes_1.u_ddr_phy_4lanes/ddr_byte_lane_A.ddr_byte_lane_A/oserdes_clkdiv            |             5.0 |
| oserdes_clkdiv_5                                                                                                                                          | i_dram_wrapper/i_dram/u_mig7s_mig/u_memc_ui_top_axi/mem_intfc0/ddr_phy_top0/u_ddr_mc_phy_wrapper/u_ddr_mc_phy/ddr_phy_4lanes_1.u_ddr_phy_4lanes/ddr_byte_lane_B.ddr_byte_lane_B/oserdes_clkdiv            |             5.0 |
| oserdes_clkdiv_6                                                                                                                                          | i_dram_wrapper/i_dram/u_mig7s_mig/u_memc_ui_top_axi/mem_intfc0/ddr_phy_top0/u_ddr_mc_phy_wrapper/u_ddr_mc_phy/ddr_phy_4lanes_1.u_ddr_phy_4lanes/ddr_byte_lane_C.ddr_byte_lane_C/oserdes_clkdiv            |             5.0 |
| oserdes_clkdiv_7                                                                                                                                          | i_dram_wrapper/i_dram/u_mig7s_mig/u_memc_ui_top_axi/mem_intfc0/ddr_phy_top0/u_ddr_mc_phy_wrapper/u_ddr_mc_phy/ddr_phy_4lanes_1.u_ddr_phy_4lanes/ddr_byte_lane_D.ddr_byte_lane_D/oserdes_clkdiv            |             5.0 |
| pll_clk3_out                                                                                                                                              | i_dram_wrapper/i_dram/u_mig7s_mig/u_ddr3_infrastructure/pll_clk3_out                                                                                                                                      |             5.0 |
| pll_clkfbout                                                                                                                                              | i_dram_wrapper/i_dram/u_mig7s_mig/u_ddr3_infrastructure/pll_clkfbout                                                                                                                                      |             5.0 |
| sync_pulse                                                                                                                                                | i_dram_wrapper/i_dram/u_mig7s_mig/u_ddr3_infrastructure/sync_pulse                                                                                                                                        |            20.0 |
| sys_clk                                                                                                                                                   | sys_clk_p                                                                                                                                                                                                 |             5.0 |
| u_memc_ui_top_axi/mem_intfc0/ddr_phy_top0/u_ddr_mc_phy_wrapper/u_ddr_mc_phy/ddr_phy_4lanes_0.u_ddr_phy_4lanes/ddr_byte_lane_A.ddr_byte_lane_A/iserdes_clk | i_dram_wrapper/i_dram/u_mig7s_mig/u_memc_ui_top_axi/mem_intfc0/ddr_phy_top0/u_ddr_mc_phy_wrapper/u_ddr_mc_phy/ddr_phy_4lanes_0.u_ddr_phy_4lanes/ddr_byte_lane_A.ddr_byte_lane_A/phaser_in_gen.phaser_in_0 |             1.3 |
| u_memc_ui_top_axi/mem_intfc0/ddr_phy_top0/u_ddr_mc_phy_wrapper/u_ddr_mc_phy/ddr_phy_4lanes_0.u_ddr_phy_4lanes/ddr_byte_lane_B.ddr_byte_lane_B/iserdes_clk | i_dram_wrapper/i_dram/u_mig7s_mig/u_memc_ui_top_axi/mem_intfc0/ddr_phy_top0/u_ddr_mc_phy_wrapper/u_ddr_mc_phy/ddr_phy_4lanes_0.u_ddr_phy_4lanes/ddr_byte_lane_B.ddr_byte_lane_B/phaser_in_gen.phaser_in_0 |             1.3 |
| u_memc_ui_top_axi/mem_intfc0/ddr_phy_top0/u_ddr_mc_phy_wrapper/u_ddr_mc_phy/ddr_phy_4lanes_0.u_ddr_phy_4lanes/ddr_byte_lane_C.ddr_byte_lane_C/iserdes_clk | i_dram_wrapper/i_dram/u_mig7s_mig/u_memc_ui_top_axi/mem_intfc0/ddr_phy_top0/u_ddr_mc_phy_wrapper/u_ddr_mc_phy/ddr_phy_4lanes_0.u_ddr_phy_4lanes/ddr_byte_lane_C.ddr_byte_lane_C/phaser_in_gen.phaser_in_0 |             1.3 |
| u_memc_ui_top_axi/mem_intfc0/ddr_phy_top0/u_ddr_mc_phy_wrapper/u_ddr_mc_phy/ddr_phy_4lanes_0.u_ddr_phy_4lanes/ddr_byte_lane_D.ddr_byte_lane_D/iserdes_clk | i_dram_wrapper/i_dram/u_mig7s_mig/u_memc_ui_top_axi/mem_intfc0/ddr_phy_top0/u_ddr_mc_phy_wrapper/u_ddr_mc_phy/ddr_phy_4lanes_0.u_ddr_phy_4lanes/ddr_byte_lane_D.ddr_byte_lane_D/phaser_in_gen.phaser_in_0 |             1.3 |
+-----------------------------------------------------------------------------------------------------------------------------------------------------------+-----------------------------------------------------------------------------------------------------------------------------------------------------------------------------------------------------------+-----------------+


3. Detailed Reports
-------------------

3.1 By Hierarchy
----------------

+-------------------------------------------------------+-----------+
| Name                                                  | Power (W) |
+-------------------------------------------------------+-----------+
| cheshire_top_xilinx                                   |     2.090 |
|   i_cheshire_soc                                      |     0.317 |
|     gen_cva6_cores[0].gen_cva6_bus_err.i_cva6_bus_err |     0.002 |
|       i_read_err_unit                                 |     0.001 |
|       i_write_err_unit                                |     0.001 |
|     gen_cva6_cores[0].i_axi_id_serialize              |     0.002 |
|     gen_cva6_cores[0].i_core_cva6                     |     0.076 |
|       csr_regfile_i                                   |     0.003 |
|       ex_stage_i                                      |     0.021 |
|       gen_cache_wt.i_cache_subsystem                  |     0.022 |
|       i_frontend                                      |     0.009 |
|       id_stage_i                                      |     0.001 |
|       issue_stage_i                                   |     0.018 |
|     gen_llc.i_llc                                     |     0.044 |
|       i_axi_llc_top_raw                               |     0.044 |
|     gen_llc_atomics.i_llc_atomics                     |     0.013 |
|       i_axi_riscv_atomics_wrap                        |     0.013 |
|     gen_llc_atomics.i_llc_atomics_cut                 |     0.001 |
|     gen_nvdla.gen_nvdla_bus_err.i_nvdla_bus_err       |     0.012 |
|       i_read_err_unit                                 |     0.008 |
|       i_write_err_unit                                |     0.004 |
|     gen_nvdla.i_nvdla_id_serialize                    |     0.002 |
|     gen_nvdla.i_nvdla_wrapper                         |     0.135 |
|       nvdla_core                                      |     0.134 |
|     i_axi_to_reg_v2                                   |     0.005 |
|       gen_tcdm_to_reg[1].i_mem_req_spill              |     0.004 |
|     i_axi_xbar                                        |     0.011 |
|       gen_mst_port_mux[0].i_axi_mux                   |     0.001 |
|       gen_mst_port_mux[2].i_axi_mux                   |     0.001 |
|       i_xbar_unmuxed                                  |     0.007 |
|     i_dbg_slv_axi_atomics                             |     0.002 |
|       i_axi_riscv_atomics_wrap                        |     0.002 |
|     i_dbg_slv_axi_to_mem                              |     0.003 |
|       i_axi_to_mem_read                               |     0.001 |
|       i_axi_to_mem_write                              |     0.001 |
|     i_reg_atomics                                     |     0.004 |
|       i_axi_riscv_atomics_wrap                        |     0.004 |
|   i_clkwiz                                            |     0.119 |
|     inst                                              |     0.119 |
|   i_dram_wrapper                                      |     1.646 |
|     gen_cdc.i_axi_cdc_mig                             |     0.068 |
|       i_axi_cdc_dst                                   |     0.040 |
|       i_axi_cdc_src                                   |     0.027 |
|     i_axi_iw_converter                                |     0.002 |
|       gen_downsize.gen_remap.i_axi_id_remap           |     0.002 |
|     i_dram                                            |     1.576 |
|       u_mig7s_mig                                     |     1.575 |
|   up_dram                                             |     0.001 |
+-------------------------------------------------------+-----------+


