Copyright 1986-2022 Xilinx, Inc. All Rights Reserved.
---------------------------------------------------------------------------------------------------------------------------------------
| Tool Version : Vivado v.2022.2 (lin64) Build 3671981 Fri Oct 14 04:59:54 MDT 2022
| Date         : Mon Mar  2 06:40:17 2026
| Host         : karpuz running 64-bit Ubuntu 22.04.5 LTS
| Command      : report_cdc -file /home/shc/projects/cheshire-env-nvdla-g2/target/xilinx/build/genesys2.cheshire/reports.synth/cdc.rpt
| Design       : cheshire_top_xilinx
| Device       : 7k325t-ffg900
| Speed File   : -2  PRODUCTION 1.12 2017-02-17
---------------------------------------------------------------------------------------------------------------------------------------

CDC Report

Severity  Source Clock         Destination Clock                                                                                                                                          CDC Type                 Exceptions               Endpoints  Safe  Unsafe  Unknown  No ASYNC_REG  
--------  -------------------  ---------------------------------------------------------------------------------------------------------------------------------------------------------  -----------------------  -----------------------  ---------  ----  ------  -------  ------------  
Critical  clk_jtag             clk_50_clkwiz                                                                                                                                              No Common Primary Clock  Asynch Clock Groups            772    72       0      700             0  
Critical  clk_50_clkwiz        clk_jtag                                                                                                                                                   No Common Primary Clock  Asynch Clock Groups            177     8       0      169             0  
Critical  clk_50_clkwiz        clk_pll_i                                                                                                                                                  Safely Timed             Max Delay Datapath Only        208   193       0       15             0  
Warning   clk_pll_i            clk_50_clkwiz                                                                                                                                              Safely Timed             Max Delay Datapath Only        103   103       0        0             0  
Warning   input port clock     clk_ref_mmcm_400                                                                                                                                           No Common Primary Clock  False Path                       1     1       0        0             1  
Warning   input port clock     sys_clk                                                                                                                                                    No Common Primary Clock  False Path                       1     1       0        0             1  
Info      mem_refclk           clk_pll_i                                                                                                                                                  User Ignored             False Path                       4     4       0        0             0  
Info      mmcm_ps_clk_bufg_in  clk_pll_i                                                                                                                                                  Safely Timed             None                             5     5       0        0             0  
Info      sys_clk              clk_pll_i                                                                                                                                                  Safely Timed             None                            12    12       0        0             0  
Info      sync_pulse           mem_refclk                                                                                                                                                 Safely Timed             None                             2     2       0        0             0  
Info      clk_pll_i            mmcm_ps_clk_bufg_in                                                                                                                                        Safely Timed             None                             1     1       0        0             0  
Info      oserdes_clk          oserdes_clkdiv                                                                                                                                             Safely Timed             None                            15    15       0        0             0  
Info      oserdes_clk_1        oserdes_clkdiv_1                                                                                                                                           Safely Timed             None                            15    15       0        0             0  
Info      oserdes_clk_2        oserdes_clkdiv_2                                                                                                                                           Safely Timed             None                            15    15       0        0             0  
Info      oserdes_clk_3        oserdes_clkdiv_3                                                                                                                                           Safely Timed             None                            15    15       0        0             0  
Info      oserdes_clk_4        oserdes_clkdiv_4                                                                                                                                           Safely Timed             None                             3     3       0        0             0  
Info      oserdes_clk_5        oserdes_clkdiv_5                                                                                                                                           Safely Timed             None                             4     4       0        0             0  
Info      oserdes_clk_6        oserdes_clkdiv_6                                                                                                                                           Safely Timed             None                            11    11       0        0             0  
Info      oserdes_clk_7        oserdes_clkdiv_7                                                                                                                                           Safely Timed             None                            10    10       0        0             0  
Info      clk_pll_i            sys_clk                                                                                                                                                    Safely Timed             Max Delay Datapath Only          1     1       0        0             0  
Info      clk_pll_i            u_memc_ui_top_axi/mem_intfc0/ddr_phy_top0/u_ddr_mc_phy_wrapper/u_ddr_mc_phy/ddr_phy_4lanes_0.u_ddr_phy_4lanes/ddr_byte_lane_A.ddr_byte_lane_A/iserdes_clk  Safely Timed             None                             8     8       0        0             0  
Info      clk_pll_i            u_memc_ui_top_axi/mem_intfc0/ddr_phy_top0/u_ddr_mc_phy_wrapper/u_ddr_mc_phy/ddr_phy_4lanes_0.u_ddr_phy_4lanes/ddr_byte_lane_B.ddr_byte_lane_B/iserdes_clk  Safely Timed             None                             8     8       0        0             0  
Info      clk_pll_i            u_memc_ui_top_axi/mem_intfc0/ddr_phy_top0/u_ddr_mc_phy_wrapper/u_ddr_mc_phy/ddr_phy_4lanes_0.u_ddr_phy_4lanes/ddr_byte_lane_C.ddr_byte_lane_C/iserdes_clk  Safely Timed             None                             8     8       0        0             0  
Info      clk_pll_i            u_memc_ui_top_axi/mem_intfc0/ddr_phy_top0/u_ddr_mc_phy_wrapper/u_ddr_mc_phy/ddr_phy_4lanes_0.u_ddr_phy_4lanes/ddr_byte_lane_D.ddr_byte_lane_D/iserdes_clk  Safely Timed             None                             8     8       0        0             0  

